[browser] Detected `scroll-behavior: smooth` on the `<html>` element. To disable smooth scrolling during route transitions, add `data-scroll-behavior="smooth"` to your <html> element. Learn more: https://nextjs.org/docs/messages/missing-data-scroll-behavior
[browser] Detected `scroll-behavior: smooth` on the `<html>` element. To disable smooth scrolling during route transitions, add `data-scroll-behavior="smooth"` to your <html> element. Learn more: https://nextjs.org/docs/messages/missing-data-scroll-behavior
[browser] ./src/app/about/page.tsx:43:20
Error: Expected '</', got '='
  41 |       {/* Who I Am — Split layout */}
  42 |       <section className="py-10 lg:py-16 bg-white">
> 43 |         < className="max-w-7xl mx-auto px-4 sm:px-2 lg:px-2">
     |                    ^
  44 |           <div className="flex flex-col lg:flex-row items-center gap-10 lg:gap-16">
  45 |             {/* Left — Photo */}
  46 |             <div className="relative w-full lg:w-[48%] flex-shrink-0">

Parsing ecmascript source code failed

Import traces:
  Client Component Browser:
    ./src/app/about/page.tsx [Client Component Browser]
    ./src/app/about/page.tsx [Server Component]

  Client Component SSR:
    ./src/app/about/page.tsx [Client Component SSR]
    ./src/app/about/page.tsx [Server Component] 
[browser] ./src/app/about/page.tsx:43:20
Error: Expected '</', got '='
  41 |       {/* Who I Am — Split layout */}
  42 |       <section className="py-10 lg:py-16 bg-white">
> 43 |         < className="max-w-7xl mx-auto px-4 sm:px-2 lg:px-2">
     |                    ^
  44 |           <div className="flex flex-col lg:flex-row items-center gap-10 lg:gap-16">
  45 |             {/* Left — Photo */}
  46 |             <div className="relative w-full lg:w-[48%] flex-shrink-0">

Parsing ecmascript source code failed

Import traces:
  Client Component Browser:
    ./src/app/about/page.tsx [Client Component Browser]
    ./src/app/about/page.tsx [Server Component]

  Client Component SSR:
    ./src/app/about/page.tsx [Client Component SSR]
    ./src/app/about/page.tsx [Server Component] 
[browser] An empty string ("") was passed to the src attribute. This may cause the browser to download the whole page again over the network. To fix this, either do not render the element at all or pass null to src instead of an empty string. 
[browser] An empty string ("") was passed to the src attribute. This may cause the browser to download the whole page again over the network. To fix this, either do not render the element at all or pass null to src instead of an empty string. 
[browser] Detected `scroll-behavior: smooth` on the `<html>` element. To disable smooth scrolling during route transitions, add `data-scroll-behavior="smooth"` to your <html> element. Learn more: https://nextjs.org/docs/messages/missing-data-scroll-behavior
[browser] Detected `scroll-behavior: smooth` on the `<html>` element. To disable smooth scrolling during route transitions, add `data-scroll-behavior="smooth"` to your <html> element. Learn more: https://nextjs.org/docs/messages/missing-data-scroll-behavior
[browser] ⨯ unhandledRejection: NotSupportedError: The element has no supported sources.

[browser] Detected `scroll-behavior: smooth` on the `<html>` element. To disable smooth scrolling during route transitions, add `data-scroll-behavior="smooth"` to your <html> element. Learn more: https://nextjs.org/docs/messages/missing-data-scroll-behavior
[browser] Detected `scroll-behavior: smooth` on the `<html>` element. To disable smooth scrolling during route transitions, add `data-scroll-behavior="smooth"` to your <html> element. Learn more: https://nextjs.org/docs/messages/missing-data-scroll-behavior
[browser] Detected `scroll-behavior: smooth` on the `<html>` element. To disable smooth scrolling during route transitions, add `data-scroll-behavior="smooth"` to your <html> element. Learn more: https://nextjs.org/docs/messages/missing-data-scroll-behavior
[browser] Detected `scroll-behavior: smooth` on the `<html>` element. To disable smooth scrolling during route transitions, add `data-scroll-behavior="smooth"` to your <html> element. Learn more: https://nextjs.org/docs/messages/missing-data-scroll-behavior
[browser] Detected `scroll-behavior: smooth` on the `<html>` element. To disable smooth scrolling during route transitions, add `data-scroll-behavior="smooth"` to your <html> element. Learn more: https://nextjs.org/docs/messages/missing-data-scroll-behavior

-----
[1m[31mFATAL[39m[0m: An unexpected Turbopack error occurred. A panic log has been written to C:\Users\lenovo\AppData\Local\Temp\next-panic-e1d01ce0b2733ee419b1d86b57aa9faf.log.

To help make Turbopack better, report this error by clicking here: https://bugs.nextjs.org/search?category=turbopack-error-report&title=Turbopack%20Error%3A%20Failed%20to%20write%20app%20endpoint%20%2Fpage&body=Turbopack%20version%3A%20%60d0ac8828%60%0ANext.js%20version%3A%20%600.0.0%60%0A%0AError%20message%3A%0A%60%60%60%0AFailed%20to%20write%20app%20endpoint%20%2Fpage%0A%0ACaused%20by%3A%0A-%20app_dir%20must%20be%20a%20directory%0A%0ADebug%20info%3A%0A-%20Execution%20of%20hmr_update_with_issues_operation%20failed%0A-%20Execution%20of%20Project%3A%3Ahmr_update%20failed%0A-%20Execution%20of%20VersionedContentMap%3A%3Aget%20failed%0A-%20Execution%20of%20VersionedContentMap%3A%3Aget_asset%20failed%0A-%20Execution%20of%20VersionedContentMap%3A%3Acompute_entry%20failed%0A-%20Execution%20of%20%2Aemit_assets%20failed%0A-%20Execution%20of%20all_assets_from_entries_operation%20failed%0A-%20Execution%20of%20%2Aall_assets_from_entries%20failed%0A-%20Execution%20of%20endpoint_output_assets_operation%20failed%0A-%20Execution%20of%20%3CAppEndpoint%20as%20Endpoint%3E%3A%3Aoutput%20failed%0A-%20Failed%20to%20write%20app%20endpoint%20%2Fpage%0A-%20Execution%20of%20%2Aall_asset_paths%20failed%0A-%20Execution%20of%20%2AAppEndpointOutput%3A%3Aoutput_assets%20failed%0A-%20Execution%20of%20AppEndpoint%3A%3Aoutput%20failed%0A-%20Execution%20of%20AppEndpoint%3A%3Aapp_page_entry%20failed%0A-%20Execution%20of%20%2Aget_app_page_entry%20failed%0A-%20Execution%20of%20AppProject%3A%3Arsc_module_context%20failed%0A-%20Execution%20of%20%2AModuleAssetContext%3A%3Anew%20failed%0A-%20Execution%20of%20AppProject%3A%3Arsc_resolve_options_context%20failed%0A-%20Execution%20of%20%2Aget_server_resolve_options_context%20failed%0A-%20Execution%20of%20AppProject%3A%3Acollected_root_params%20failed%0A-%20Execution%20of%20%2Acollect_root_params%20failed%0A-%20Execution%20of%20get_entrypoints%20failed%0A-%20Execution%20of%20%2Adirectory_tree_to_entrypoints%20failed%0A-%20Execution%20of%20get_global_metadata%20failed%0A-%20app_dir%20must%20be%20a%20directory%0A%60%60%60&labels=Turbopack,Turbopack%20Panic%20Backtrace
-----

⨯ ./src/components/ui/collapsible.tsx:1:1
Error: Module not found: Can't resolve '@radix-ui/react-collapsible'
[31m[1m>[0m [90m1 |[0m [36mimport[0m * [36mas[0m [33mCollapsiblePrimitive[0m [36mfrom[0m [32m"@radix-ui/react-collapsible"[0m
  [90m  |[0m [31m[1m^^^^^^^^^^^^^^^^^^^^^^^^^^^^^^^^^^^^^^^^^^^^^^^^^^^^^^^^^^^^^^^^^^^[0m
  [90m2 |[0m
  [90m3 |[0m [36mfunction[0m [33mCollapsible[0m({
  [90m4 |[0m   ...props



Import trace:
  Instrumentation:
    ./src/components/ui/collapsible.tsx
    ./src/instrumentation.tsx

https://nextjs.org/docs/messages/module-not-found


⨯ ./src/components/ui/collapsible.tsx:1:1
Error: Module not found: Can't resolve '@radix-ui/react-collapsible'
[31m[1m>[0m [90m1 |[0m [36mimport[0m * [36mas[0m [33mCollapsiblePrimitive[0m [36mfrom[0m [32m"@radix-ui/react-collapsible"[0m
  [90m  |[0m [31m[1m^^^^^^^^^^^^^^^^^^^^^^^^^^^^^^^^^^^^^^^^^^^^^^^^^^^^^^^^^^^^^^^^^^^[0m
  [90m2 |[0m
  [90m3 |[0m [36mfunction[0m [33mCollapsible[0m({
  [90m4 |[0m   ...props



Import trace:
  Instrumentation:
    ./src/components/ui/collapsible.tsx
    ./src/instrumentation.tsx

https://nextjs.org/docs/messages/module-not-found


⨯ ./src/components/ui/collapsible.tsx:1:1
Error: Module not found: Can't resolve '@radix-ui/react-collapsible'
[31m[1m>[0m [90m1 |[0m [36mimport[0m * [36mas[0m [33mCollapsiblePrimitive[0m [36mfrom[0m [32m"@radix-ui/react-collapsible"[0m
  [90m  |[0m [31m[1m^^^^^^^^^^^^^^^^^^^^^^^^^^^^^^^^^^^^^^^^^^^^^^^^^^^^^^^^^^^^^^^^^^^[0m
  [90m2 |[0m
  [90m3 |[0m [36mfunction[0m [33mCollapsible[0m({
  [90m4 |[0m   ...props



Import trace:
  Instrumentation:
    ./src/components/ui/collapsible.tsx
    ./src/instrumentation.tsx

https://nextjs.org/docs/messages/module-not-found


⨯ ./src/components/ui/collapsible.tsx:1:1
Error: Module not found: Can't resolve '@radix-ui/react-collapsible'
[31m[1m>[0m [90m1 |[0m [36mimport[0m * [36mas[0m [33mCollapsiblePrimitive[0m [36mfrom[0m [32m"@radix-ui/react-collapsible"[0m
  [90m  |[0m [31m[1m^^^^^^^^^^^^^^^^^^^^^^^^^^^^^^^^^^^^^^^^^^^^^^^^^^^^^^^^^^^^^^^^^^^[0m
  [90m2 |[0m
  [90m3 |[0m [36mfunction[0m [33mCollapsible[0m({
  [90m4 |[0m   ...props



Import trace:
  Instrumentation:
    ./src/components/ui/collapsible.tsx
    ./src/instrumentation.tsx

https://nextjs.org/docs/messages/module-not-found


⨯ ./src/components/ui/dialog.tsx:2:1
Error: Module not found: Can't resolve '@radix-ui/react-dialog'
  [90m1 |[0m [36mimport[0m * [36mas[0m [33mReact[0m [36mfrom[0m [32m"react"[0m
[31m[1m>[0m [90m2 |[0m [36mimport[0m * [36mas[0m [33mDialogPrimitive[0m [36mfrom[0m [32m"@radix-ui/react-dialog"[0m
  [90m  |[0m [31m[1m^^^^^^^^^^^^^^^^^^^^^^^^^^^^^^^^^^^^^^^^^^^^^^^^^^^^^^^^^[0m
  [90m3 |[0m [36mimport[0m { [33mXIcon[0m } [36mfrom[0m [32m"lucide-react"[0m
  [90m4 |[0m
  [90m5 |[0m [36mimport[0m { cn } [36mfrom[0m [32m"@/lib/utils"[0m



Import trace:
  Instrumentation:
    ./src/components/ui/dialog.tsx
    ./src/instrumentation.tsx

https://nextjs.org/docs/messages/module-not-found


⨯ ./src/components/ui/dialog.tsx:2:1
Error: Module not found: Can't resolve '@radix-ui/react-dialog'
  [90m1 |[0m [36mimport[0m * [36mas[0m [33mReact[0m [36mfrom[0m [32m"react"[0m
[31m[1m>[0m [90m2 |[0m [36mimport[0m * [36mas[0m [33mDialogPrimitive[0m [36mfrom[0m [32m"@radix-ui/react-dialog"[0m
  [90m  |[0m [31m[1m^^^^^^^^^^^^^^^^^^^^^^^^^^^^^^^^^^^^^^^^^^^^^^^^^^^^^^^^^[0m
  [90m3 |[0m [36mimport[0m { [33mXIcon[0m } [36mfrom[0m [32m"lucide-react"[0m
  [90m4 |[0m
  [90m5 |[0m [36mimport[0m { cn } [36mfrom[0m [32m"@/lib/utils"[0m



Import trace:
  Instrumentation:
    ./src/components/ui/dialog.tsx
    ./src/instrumentation.tsx

https://nextjs.org/docs/messages/module-not-found


⨯ ./src/components/ui/dialog.tsx:2:1
Error: Module not found: Can't resolve '@radix-ui/react-dialog'
  [90m1 |[0m [36mimport[0m * [36mas[0m [33mReact[0m [36mfrom[0m [32m"react"[0m
[31m[1m>[0m [90m2 |[0m [36mimport[0m * [36mas[0m [33mDialogPrimitive[0m [36mfrom[0m [32m"@radix-ui/react-dialog"[0m
  [90m  |[0m [31m[1m^^^^^^^^^^^^^^^^^^^^^^^^^^^^^^^^^^^^^^^^^^^^^^^^^^^^^^^^^[0m
  [90m3 |[0m [36mimport[0m { [33mXIcon[0m } [36mfrom[0m [32m"lucide-react"[0m
  [90m4 |[0m
  [90m5 |[0m [36mimport[0m { cn } [36mfrom[0m [32m"@/lib/utils"[0m



Import trace:
  Instrumentation:
    ./src/components/ui/dialog.tsx
    ./src/instrumentation.tsx

https://nextjs.org/docs/messages/module-not-found


⨯ ./src/components/ui/dialog.tsx:2:1
Error: Module not found: Can't resolve '@radix-ui/react-dialog'
  [90m1 |[0m [36mimport[0m * [36mas[0m [33mReact[0m [36mfrom[0m [32m"react"[0m
[31m[1m>[0m [90m2 |[0m [36mimport[0m * [36mas[0m [33mDialogPrimitive[0m [36mfrom[0m [32m"@radix-ui/react-dialog"[0m
  [90m  |[0m [31m[1m^^^^^^^^^^^^^^^^^^^^^^^^^^^^^^^^^^^^^^^^^^^^^^^^^^^^^^^^^[0m
  [90m3 |[0m [36mimport[0m { [33mXIcon[0m } [36mfrom[0m [32m"lucide-react"[0m
  [90m4 |[0m
  [90m5 |[0m [36mimport[0m { cn } [36mfrom[0m [32m"@/lib/utils"[0m



Import trace:
  Instrumentation:
    ./src/components/ui/dialog.tsx
    ./src/instrumentation.tsx

https://nextjs.org/docs/messages/module-not-found


⨯ ./src/components/ui/dialog.tsx:2:1
Error: Module not found: Can't resolve '@radix-ui/react-dialog'
  [90m1 |[0m [36mimport[0m * [36mas[0m [33mReact[0m [36mfrom[0m [32m"react"[0m
[31m[1m>[0m [90m2 |[0m [36mimport[0m * [36mas[0m [33mDialogPrimitive[0m [36mfrom[0m [32m"@radix-ui/react-dialog"[0m
  [90m  |[0m [31m[1m^^^^^^^^^^^^^^^^^^^^^^^^^^^^^^^^^^^^^^^^^^^^^^^^^^^^^^^^^[0m
  [90m3 |[0m [36mimport[0m { [33mXIcon[0m } [36mfrom[0m [32m"lucide-react"[0m
  [90m4 |[0m
  [90m5 |[0m [36mimport[0m { cn } [36mfrom[0m [32m"@/lib/utils"[0m



Import trace:
  Instrumentation:
    ./src/components/ui/dialog.tsx
    ./src/instrumentation.tsx

https://nextjs.org/docs/messages/module-not-found


⨯ ./src/components/ui/dialog.tsx:2:1
Error: Module not found: Can't resolve '@radix-ui/react-dialog'
  [90m1 |[0m [36mimport[0m * [36mas[0m [33mReact[0m [36mfrom[0m [32m"react"[0m
[31m[1m>[0m [90m2 |[0m [36mimport[0m * [36mas[0m [33mDialogPrimitive[0m [36mfrom[0m [32m"@radix-ui/react-dialog"[0m
  [90m  |[0m [31m[1m^^^^^^^^^^^^^^^^^^^^^^^^^^^^^^^^^^^^^^^^^^^^^^^^^^^^^^^^^[0m
  [90m3 |[0m [36mimport[0m { [33mXIcon[0m } [36mfrom[0m [32m"lucide-react"[0m
  [90m4 |[0m
  [90m5 |[0m [36mimport[0m { cn } [36mfrom[0m [32m"@/lib/utils"[0m



Import trace:
  Instrumentation:
    ./src/components/ui/dialog.tsx
    ./src/instrumentation.tsx

https://nextjs.org/docs/messages/module-not-found


⨯ ./src/components/ui/dialog.tsx:2:1
Error: Module not found: Can't resolve '@radix-ui/react-dialog'
  [90m1 |[0m [36mimport[0m * [36mas[0m [33mReact[0m [36mfrom[0m [32m"react"[0m
[31m[1m>[0m [90m2 |[0m [36mimport[0m * [36mas[0m [33mDialogPrimitive[0m [36mfrom[0m [32m"@radix-ui/react-dialog"[0m
  [90m  |[0m [31m[1m^^^^^^^^^^^^^^^^^^^^^^^^^^^^^^^^^^^^^^^^^^^^^^^^^^^^^^^^^[0m
  [90m3 |[0m [36mimport[0m { [33mXIcon[0m } [36mfrom[0m [32m"lucide-react"[0m
  [90m4 |[0m
  [90m5 |[0m [36mimport[0m { cn } [36mfrom[0m [32m"@/lib/utils"[0m



Import trace:
  Instrumentation:
    ./src/components/ui/dialog.tsx
    ./src/instrumentation.tsx

https://nextjs.org/docs/messages/module-not-found


⨯ ./src/components/ui/dialog.tsx:2:1
Error: Module not found: Can't resolve '@radix-ui/react-dialog'
  [90m1 |[0m [36mimport[0m * [36mas[0m [33mReact[0m [36mfrom[0m [32m"react"[0m
[31m[1m>[0m [90m2 |[0m [36mimport[0m * [36mas[0m [33mDialogPrimitive[0m [36mfrom[0m [32m"@radix-ui/react-dialog"[0m
  [90m  |[0m [31m[1m^^^^^^^^^^^^^^^^^^^^^^^^^^^^^^^^^^^^^^^^^^^^^^^^^^^^^^^^^[0m
  [90m3 |[0m [36mimport[0m { [33mXIcon[0m } [36mfrom[0m [32m"lucide-react"[0m
  [90m4 |[0m
  [90m5 |[0m [36mimport[0m { cn } [36mfrom[0m [32m"@/lib/utils"[0m



Import trace:
  Instrumentation:
    ./src/components/ui/dialog.tsx
    ./src/instrumentation.tsx

https://nextjs.org/docs/messages/module-not-found


⨯ ./src/components/ui/dialog.tsx:2:1
Error: Module not found: Can't resolve '@radix-ui/react-dialog'
  [90m1 |[0m [36mimport[0m * [36mas[0m [33mReact[0m [36mfrom[0m [32m"react"[0m
[31m[1m>[0m [90m2 |[0m [36mimport[0m * [36mas[0m [33mDialogPrimitive[0m [36mfrom[0m [32m"@radix-ui/react-dialog"[0m
  [90m  |[0m [31m[1m^^^^^^^^^^^^^^^^^^^^^^^^^^^^^^^^^^^^^^^^^^^^^^^^^^^^^^^^^[0m
  [90m3 |[0m [36mimport[0m { [33mXIcon[0m } [36mfrom[0m [32m"lucide-react"[0m
  [90m4 |[0m
  [90m5 |[0m [36mimport[0m { cn } [36mfrom[0m [32m"@/lib/utils"[0m



Import trace:
  Instrumentation:
    ./src/components/ui/dialog.tsx
    ./src/instrumentation.tsx

https://nextjs.org/docs/messages/module-not-found


⨯ ./src/instrumentation.tsx:1:1
Error: Module not found: Can't resolve '@radix-ui/react-dialog'
[31m[1m>[0m [90m1 |[0m [36mimport[0m { [33mDialog[0m } [36mfrom[0m [32m"@radix-ui/react-dialog"[0m;
  [90m  |[0m [31m[1m^^^^^^^^^^^^^^^^^^^^^^^^^^^^^^^^^^^^^^^^^^^^^^^^[0m
  [90m2 |[0m [36mimport[0m { [33mAlertTriangle[0m, [33mChevronDown[0m, [33mExternalLink[0m } [36mfrom[0m [32m"lucide-react"[0m;
  [90m3 |[0m [36mimport[0m [33mReact[0m, { useEffect, useState } [36mfrom[0m [32m"react"[0m;
  [90m4 |[0m



https://nextjs.org/docs/messages/module-not-found


⨯ ./src/instrumentation.tsx:1:1
Error: Module not found: Can't resolve '@radix-ui/react-dialog'
[31m[1m>[0m [90m1 |[0m [36mimport[0m { [33mDialog[0m } [36mfrom[0m [32m"@radix-ui/react-dialog"[0m;
  [90m  |[0m [31m[1m^^^^^^^^^^^^^^^^^^^^^^^^^^^^^^^^^^^^^^^^^^^^^^^^[0m
  [90m2 |[0m [36mimport[0m { [33mAlertTriangle[0m, [33mChevronDown[0m, [33mExternalLink[0m } [36mfrom[0m [32m"lucide-react"[0m;
  [90m3 |[0m [36mimport[0m [33mReact[0m, { useEffect, useState } [36mfrom[0m [32m"react"[0m;
  [90m4 |[0m



https://nextjs.org/docs/messages/module-not-found


⨯ ./src/components/ui/button.tsx:2:1
Error: Module not found: Can't resolve '@radix-ui/react-slot'
  [90m1 |[0m [36mimport[0m * [36mas[0m [33mReact[0m [36mfrom[0m [32m"react"[0m
[31m[1m>[0m [90m2 |[0m [36mimport[0m { [33mSlot[0m } [36mfrom[0m [32m"@radix-ui/react-slot"[0m
  [90m  |[0m [31m[1m^^^^^^^^^^^^^^^^^^^^^^^^^^^^^^^^^^^^^^^^^^^[0m
  [90m3 |[0m [36mimport[0m { cva, [36mtype[0m [33mVariantProps[0m } [36mfrom[0m [32m"class-variance-authority"[0m
  [90m4 |[0m
  [90m5 |[0m [36mimport[0m { cn } [36mfrom[0m [32m"@/lib/utils"[0m



Import trace:
  Instrumentation:
    ./src/components/ui/button.tsx
    ./src/instrumentation.tsx

https://nextjs.org/docs/messages/module-not-found


⨯ ./src/components/ui/button.tsx:2:1
Error: Module not found: Can't resolve '@radix-ui/react-slot'
  [90m1 |[0m [36mimport[0m * [36mas[0m [33mReact[0m [36mfrom[0m [32m"react"[0m
[31m[1m>[0m [90m2 |[0m [36mimport[0m { [33mSlot[0m } [36mfrom[0m [32m"@radix-ui/react-slot"[0m
  [90m  |[0m [31m[1m^^^^^^^^^^^^^^^^^^^^^^^^^^^^^^^^^^^^^^^^^^^[0m
  [90m3 |[0m [36mimport[0m { cva, [36mtype[0m [33mVariantProps[0m } [36mfrom[0m [32m"class-variance-authority"[0m
  [90m4 |[0m
  [90m5 |[0m [36mimport[0m { cn } [36mfrom[0m [32m"@/lib/utils"[0m



Import trace:
  Instrumentation:
    ./src/components/ui/button.tsx
    ./src/instrumentation.tsx

https://nextjs.org/docs/messages/module-not-found


⨯ ./src/components/ui/button.tsx:3:1
Error: Module not found: Can't resolve 'class-variance-authority'
  [90m1 |[0m [36mimport[0m * [36mas[0m [33mReact[0m [36mfrom[0m [32m"react"[0m
  [90m2 |[0m [36mimport[0m { [33mSlot[0m } [36mfrom[0m [32m"@radix-ui/react-slot"[0m
[31m[1m>[0m [90m3 |[0m [36mimport[0m { cva, [36mtype[0m [33mVariantProps[0m } [36mfrom[0m [32m"class-variance-authority"[0m
  [90m  |[0m [31m[1m^^^^^^^^^^^^^^^^^^^^^^^^^^^^^^^^^^^^^^^^^^^^^^^^^^^^^^^^^^^^^^^^^[0m
  [90m4 |[0m
  [90m5 |[0m [36mimport[0m { cn } [36mfrom[0m [32m"@/lib/utils"[0m
  [90m6 |[0m



Import trace:
  Instrumentation:
    ./src/components/ui/button.tsx
    ./src/instrumentation.tsx

https://nextjs.org/docs/messages/module-not-found


⨯ ./src/components/ui/button.tsx:3:1
Error: Module not found: Can't resolve 'class-variance-authority'
  [90m1 |[0m [36mimport[0m * [36mas[0m [33mReact[0m [36mfrom[0m [32m"react"[0m
  [90m2 |[0m [36mimport[0m { [33mSlot[0m } [36mfrom[0m [32m"@radix-ui/react-slot"[0m
[31m[1m>[0m [90m3 |[0m [36mimport[0m { cva, [36mtype[0m [33mVariantProps[0m } [36mfrom[0m [32m"class-variance-authority"[0m
  [90m  |[0m [31m[1m^^^^^^^^^^^^^^^^^^^^^^^^^^^^^^^^^^^^^^^^^^^^^^^^^^^^^^^^^^^^^^^^^[0m
  [90m4 |[0m
  [90m5 |[0m [36mimport[0m { cn } [36mfrom[0m [32m"@/lib/utils"[0m
  [90m6 |[0m



Import trace:
  Instrumentation:
    ./src/components/ui/button.tsx
    ./src/instrumentation.tsx

https://nextjs.org/docs/messages/module-not-found


⨯ ./src/lib/utils.ts:1:1
Error: Module not found: Can't resolve 'clsx'
[31m[1m>[0m [90m1 |[0m [36mimport[0m { clsx, [36mtype[0m [33mClassValue[0m } [36mfrom[0m [32m"clsx"[0m;
  [90m  |[0m [31m[1m^^^^^^^^^^^^^^^^^^^^^^^^^^^^^^^^^^^^^^^^^^^^^[0m
  [90m2 |[0m [36mimport[0m { twMerge } [36mfrom[0m [32m"tailwind-merge"[0m;
  [90m3 |[0m
  [90m4 |[0m [36mexport[0m [36mfunction[0m cn(...inputs: [33mClassValue[0m[]) {



Import trace:
  Instrumentation:
    ./src/lib/utils.ts
    ./src/components/ui/dialog.tsx
    ./src/instrumentation.tsx

https://nextjs.org/docs/messages/module-not-found


⨯ ./src/lib/utils.ts:1:1
Error: Module not found: Can't resolve 'clsx'
[31m[1m>[0m [90m1 |[0m [36mimport[0m { clsx, [36mtype[0m [33mClassValue[0m } [36mfrom[0m [32m"clsx"[0m;
  [90m  |[0m [31m[1m^^^^^^^^^^^^^^^^^^^^^^^^^^^^^^^^^^^^^^^^^^^^^[0m
  [90m2 |[0m [36mimport[0m { twMerge } [36mfrom[0m [32m"tailwind-merge"[0m;
  [90m3 |[0m
  [90m4 |[0m [36mexport[0m [36mfunction[0m cn(...inputs: [33mClassValue[0m[]) {



Import trace:
  Instrumentation:
    ./src/lib/utils.ts
    ./src/components/ui/dialog.tsx
    ./src/instrumentation.tsx

https://nextjs.org/docs/messages/module-not-found


⨯ ./src/lib/utils.ts:2:1
Error: Module not found: Can't resolve 'tailwind-merge'
  [90m1 |[0m [36mimport[0m { clsx, [36mtype[0m [33mClassValue[0m } [36mfrom[0m [32m"clsx"[0m;
[31m[1m>[0m [90m2 |[0m [36mimport[0m { twMerge } [36mfrom[0m [32m"tailwind-merge"[0m;
  [90m  |[0m [31m[1m^^^^^^^^^^^^^^^^^^^^^^^^^^^^^^^^^^^^^^^^^[0m
  [90m3 |[0m
  [90m4 |[0m [36mexport[0m [36mfunction[0m cn(...inputs: [33mClassValue[0m[]) {
  [90m5 |[0m   [36mreturn[0m twMerge(clsx(inputs));



Import trace:
  Instrumentation:
    ./src/lib/utils.ts
    ./src/components/ui/dialog.tsx
    ./src/instrumentation.tsx

https://nextjs.org/docs/messages/module-not-found


⨯ ./src/lib/utils.ts:2:1
Error: Module not found: Can't resolve 'tailwind-merge'
  [90m1 |[0m [36mimport[0m { clsx, [36mtype[0m [33mClassValue[0m } [36mfrom[0m [32m"clsx"[0m;
[31m[1m>[0m [90m2 |[0m [36mimport[0m { twMerge } [36mfrom[0m [32m"tailwind-merge"[0m;
  [90m  |[0m [31m[1m^^^^^^^^^^^^^^^^^^^^^^^^^^^^^^^^^^^^^^^^^[0m
  [90m3 |[0m
  [90m4 |[0m [36mexport[0m [36mfunction[0m cn(...inputs: [33mClassValue[0m[]) {
  [90m5 |[0m   [36mreturn[0m twMerge(clsx(inputs));



Import trace:
  Instrumentation:
    ./src/lib/utils.ts
    ./src/components/ui/dialog.tsx
    ./src/instrumentation.tsx

https://nextjs.org/docs/messages/module-not-found


⨯ ./src/components/ui/collapsible.tsx:1:1
Error: Module not found: Can't resolve '@radix-ui/react-collapsible'
[31m[1m>[0m [90m1 |[0m [36mimport[0m * [36mas[0m [33mCollapsiblePrimitive[0m [36mfrom[0m [32m"@radix-ui/react-collapsible"[0m
  [90m  |[0m [31m[1m^^^^^^^^^^^^^^^^^^^^^^^^^^^^^^^^^^^^^^^^^^^^^^^^^^^^^^^^^^^^^^^^^^^[0m
  [90m2 |[0m
  [90m3 |[0m [36mfunction[0m [33mCollapsible[0m({
  [90m4 |[0m   ...props



Import trace:
  Edge Instrumentation:
    ./src/components/ui/collapsible.tsx
    ./src/instrumentation.tsx

https://nextjs.org/docs/messages/module-not-found


⨯ ./src/components/ui/collapsible.tsx:1:1
Error: Module not found: Can't resolve '@radix-ui/react-collapsible'
[31m[1m>[0m [90m1 |[0m [36mimport[0m * [36mas[0m [33mCollapsiblePrimitive[0m [36mfrom[0m [32m"@radix-ui/react-collapsible"[0m
  [90m  |[0m [31m[1m^^^^^^^^^^^^^^^^^^^^^^^^^^^^^^^^^^^^^^^^^^^^^^^^^^^^^^^^^^^^^^^^^^^[0m
  [90m2 |[0m
  [90m3 |[0m [36mfunction[0m [33mCollapsible[0m({
  [90m4 |[0m   ...props



Import trace:
  Edge Instrumentation:
    ./src/components/ui/collapsible.tsx
    ./src/instrumentation.tsx

https://nextjs.org/docs/messages/module-not-found


⨯ ./src/components/ui/collapsible.tsx:1:1
Error: Module not found: Can't resolve '@radix-ui/react-collapsible'
[31m[1m>[0m [90m1 |[0m [36mimport[0m * [36mas[0m [33mCollapsiblePrimitive[0m [36mfrom[0m [32m"@radix-ui/react-collapsible"[0m
  [90m  |[0m [31m[1m^^^^^^^^^^^^^^^^^^^^^^^^^^^^^^^^^^^^^^^^^^^^^^^^^^^^^^^^^^^^^^^^^^^[0m
  [90m2 |[0m
  [90m3 |[0m [36mfunction[0m [33mCollapsible[0m({
  [90m4 |[0m   ...props



Import trace:
  Edge Instrumentation:
    ./src/components/ui/collapsible.tsx
    ./src/instrumentation.tsx

https://nextjs.org/docs/messages/module-not-found


⨯ ./src/components/ui/collapsible.tsx:1:1
Error: Module not found: Can't resolve '@radix-ui/react-collapsible'
[31m[1m>[0m [90m1 |[0m [36mimport[0m * [36mas[0m [33mCollapsiblePrimitive[0m [36mfrom[0m [32m"@radix-ui/react-collapsible"[0m
  [90m  |[0m [31m[1m^^^^^^^^^^^^^^^^^^^^^^^^^^^^^^^^^^^^^^^^^^^^^^^^^^^^^^^^^^^^^^^^^^^[0m
  [90m2 |[0m
  [90m3 |[0m [36mfunction[0m [33mCollapsible[0m({
  [90m4 |[0m   ...props



Import trace:
  Edge Instrumentation:
    ./src/components/ui/collapsible.tsx
    ./src/instrumentation.tsx

https://nextjs.org/docs/messages/module-not-found


⨯ ./src/components/ui/dialog.tsx:2:1
Error: Module not found: Can't resolve '@radix-ui/react-dialog'
  [90m1 |[0m [36mimport[0m * [36mas[0m [33mReact[0m [36mfrom[0m [32m"react"[0m
[31m[1m>[0m [90m2 |[0m [36mimport[0m * [36mas[0m [33mDialogPrimitive[0m [36mfrom[0m [32m"@radix-ui/react-dialog"[0m
  [90m  |[0m [31m[1m^^^^^^^^^^^^^^^^^^^^^^^^^^^^^^^^^^^^^^^^^^^^^^^^^^^^^^^^^[0m
  [90m3 |[0m [36mimport[0m { [33mXIcon[0m } [36mfrom[0m [32m"lucide-react"[0m
  [90m4 |[0m
  [90m5 |[0m [36mimport[0m { cn } [36mfrom[0m [32m"@/lib/utils"[0m



Import trace:
  Edge Instrumentation:
    ./src/components/ui/dialog.tsx
    ./src/instrumentation.tsx

https://nextjs.org/docs/messages/module-not-found


⨯ ./src/components/ui/dialog.tsx:2:1
Error: Module not found: Can't resolve '@radix-ui/react-dialog'
  [90m1 |[0m [36mimport[0m * [36mas[0m [33mReact[0m [36mfrom[0m [32m"react"[0m
[31m[1m>[0m [90m2 |[0m [36mimport[0m * [36mas[0m [33mDialogPrimitive[0m [36mfrom[0m [32m"@radix-ui/react-dialog"[0m
  [90m  |[0m [31m[1m^^^^^^^^^^^^^^^^^^^^^^^^^^^^^^^^^^^^^^^^^^^^^^^^^^^^^^^^^[0m
  [90m3 |[0m [36mimport[0m { [33mXIcon[0m } [36mfrom[0m [32m"lucide-react"[0m
  [90m4 |[0m
  [90m5 |[0m [36mimport[0m { cn } [36mfrom[0m [32m"@/lib/utils"[0m



Import trace:
  Edge Instrumentation:
    ./src/components/ui/dialog.tsx
    ./src/instrumentation.tsx

https://nextjs.org/docs/messages/module-not-found


⨯ ./src/components/ui/dialog.tsx:2:1
Error: Module not found: Can't resolve '@radix-ui/react-dialog'
  [90m1 |[0m [36mimport[0m * [36mas[0m [33mReact[0m [36mfrom[0m [32m"react"[0m
[31m[1m>[0m [90m2 |[0m [36mimport[0m * [36mas[0m [33mDialogPrimitive[0m [36mfrom[0m [32m"@radix-ui/react-dialog"[0m
  [90m  |[0m [31m[1m^^^^^^^^^^^^^^^^^^^^^^^^^^^^^^^^^^^^^^^^^^^^^^^^^^^^^^^^^[0m
  [90m3 |[0m [36mimport[0m { [33mXIcon[0m } [36mfrom[0m [32m"lucide-react"[0m
  [90m4 |[0m
  [90m5 |[0m [36mimport[0m { cn } [36mfrom[0m [32m"@/lib/utils"[0m



Import trace:
  Edge Instrumentation:
    ./src/components/ui/dialog.tsx
    ./src/instrumentation.tsx

https://nextjs.org/docs/messages/module-not-found


⨯ ./src/components/ui/dialog.tsx:2:1
Error: Module not found: Can't resolve '@radix-ui/react-dialog'
  [90m1 |[0m [36mimport[0m * [36mas[0m [33mReact[0m [36mfrom[0m [32m"react"[0m
[31m[1m>[0m [90m2 |[0m [36mimport[0m * [36mas[0m [33mDialogPrimitive[0m [36mfrom[0m [32m"@radix-ui/react-dialog"[0m
  [90m  |[0m [31m[1m^^^^^^^^^^^^^^^^^^^^^^^^^^^^^^^^^^^^^^^^^^^^^^^^^^^^^^^^^[0m
  [90m3 |[0m [36mimport[0m { [33mXIcon[0m } [36mfrom[0m [32m"lucide-react"[0m
  [90m4 |[0m
  [90m5 |[0m [36mimport[0m { cn } [36mfrom[0m [32m"@/lib/utils"[0m



Import trace:
  Edge Instrumentation:
    ./src/components/ui/dialog.tsx
    ./src/instrumentation.tsx

https://nextjs.org/docs/messages/module-not-found


⨯ ./src/components/ui/dialog.tsx:2:1
Error: Module not found: Can't resolve '@radix-ui/react-dialog'
  [90m1 |[0m [36mimport[0m * [36mas[0m [33mReact[0m [36mfrom[0m [32m"react"[0m
[31m[1m>[0m [90m2 |[0m [36mimport[0m * [36mas[0m [33mDialogPrimitive[0m [36mfrom[0m [32m"@radix-ui/react-dialog"[0m
  [90m  |[0m [31m[1m^^^^^^^^^^^^^^^^^^^^^^^^^^^^^^^^^^^^^^^^^^^^^^^^^^^^^^^^^[0m
  [90m3 |[0m [36mimport[0m { [33mXIcon[0m } [36mfrom[0m [32m"lucide-react"[0m
  [90m4 |[0m
  [90m5 |[0m [36mimport[0m { cn } [36mfrom[0m [32m"@/lib/utils"[0m



Import trace:
  Edge Instrumentation:
    ./src/components/ui/dialog.tsx
    ./src/instrumentation.tsx

https://nextjs.org/docs/messages/module-not-found


⨯ ./src/components/ui/dialog.tsx:2:1
Error: Module not found: Can't resolve '@radix-ui/react-dialog'
  [90m1 |[0m [36mimport[0m * [36mas[0m [33mReact[0m [36mfrom[0m [32m"react"[0m
[31m[1m>[0m [90m2 |[0m [36mimport[0m * [36mas[0m [33mDialogPrimitive[0m [36mfrom[0m [32m"@radix-ui/react-dialog"[0m
  [90m  |[0m [31m[1m^^^^^^^^^^^^^^^^^^^^^^^^^^^^^^^^^^^^^^^^^^^^^^^^^^^^^^^^^[0m
  [90m3 |[0m [36mimport[0m { [33mXIcon[0m } [36mfrom[0m [32m"lucide-react"[0m
  [90m4 |[0m
  [90m5 |[0m [36mimport[0m { cn } [36mfrom[0m [32m"@/lib/utils"[0m



Import trace:
  Edge Instrumentation:
    ./src/components/ui/dialog.tsx
    ./src/instrumentation.tsx

https://nextjs.org/docs/messages/module-not-found


⨯ ./src/components/ui/dialog.tsx:2:1
Error: Module not found: Can't resolve '@radix-ui/react-dialog'
  [90m1 |[0m [36mimport[0m * [36mas[0m [33mReact[0m [36mfrom[0m [32m"react"[0m
[31m[1m>[0m [90m2 |[0m [36mimport[0m * [36mas[0m [33mDialogPrimitive[0m [36mfrom[0m [32m"@radix-ui/react-dialog"[0m
  [90m  |[0m [31m[1m^^^^^^^^^^^^^^^^^^^^^^^^^^^^^^^^^^^^^^^^^^^^^^^^^^^^^^^^^[0m
  [90m3 |[0m [36mimport[0m { [33mXIcon[0m } [36mfrom[0m [32m"lucide-react"[0m
  [90m4 |[0m
  [90m5 |[0m [36mimport[0m { cn } [36mfrom[0m [32m"@/lib/utils"[0m



Import trace:
  Edge Instrumentation:
    ./src/components/ui/dialog.tsx
    ./src/instrumentation.tsx

https://nextjs.org/docs/messages/module-not-found


⨯ ./src/components/ui/dialog.tsx:2:1
Error: Module not found: Can't resolve '@radix-ui/react-dialog'
  [90m1 |[0m [36mimport[0m * [36mas[0m [33mReact[0m [36mfrom[0m [32m"react"[0m
[31m[1m>[0m [90m2 |[0m [36mimport[0m * [36mas[0m [33mDialogPrimitive[0m [36mfrom[0m [32m"@radix-ui/react-dialog"[0m
  [90m  |[0m [31m[1m^^^^^^^^^^^^^^^^^^^^^^^^^^^^^^^^^^^^^^^^^^^^^^^^^^^^^^^^^[0m
  [90m3 |[0m [36mimport[0m { [33mXIcon[0m } [36mfrom[0m [32m"lucide-react"[0m
  [90m4 |[0m
  [90m5 |[0m [36mimport[0m { cn } [36mfrom[0m [32m"@/lib/utils"[0m



Import trace:
  Edge Instrumentation:
    ./src/components/ui/dialog.tsx
    ./src/instrumentation.tsx

https://nextjs.org/docs/messages/module-not-found


⨯ ./src/components/ui/dialog.tsx:2:1
Error: Module not found: Can't resolve '@radix-ui/react-dialog'
  [90m1 |[0m [36mimport[0m * [36mas[0m [33mReact[0m [36mfrom[0m [32m"react"[0m
[31m[1m>[0m [90m2 |[0m [36mimport[0m * [36mas[0m [33mDialogPrimitive[0m [36mfrom[0m [32m"@radix-ui/react-dialog"[0m
  [90m  |[0m [31m[1m^^^^^^^^^^^^^^^^^^^^^^^^^^^^^^^^^^^^^^^^^^^^^^^^^^^^^^^^^[0m
  [90m3 |[0m [36mimport[0m { [33mXIcon[0m } [36mfrom[0m [32m"lucide-react"[0m
  [90m4 |[0m
  [90m5 |[0m [36mimport[0m { cn } [36mfrom[0m [32m"@/lib/utils"[0m



Import trace:
  Edge Instrumentation:
    ./src/components/ui/dialog.tsx
    ./src/instrumentation.tsx

https://nextjs.org/docs/messages/module-not-found


⨯ ./src/instrumentation.tsx:1:1
Error: Module not found: Can't resolve '@radix-ui/react-dialog'
[31m[1m>[0m [90m1 |[0m [36mimport[0m { [33mDialog[0m } [36mfrom[0m [32m"@radix-ui/react-dialog"[0m;
  [90m  |[0m [31m[1m^^^^^^^^^^^^^^^^^^^^^^^^^^^^^^^^^^^^^^^^^^^^^^^^[0m
  [90m2 |[0m [36mimport[0m { [33mAlertTriangle[0m, [33mChevronDown[0m, [33mExternalLink[0m } [36mfrom[0m [32m"lucide-react"[0m;
  [90m3 |[0m [36mimport[0m [33mReact[0m, { useEffect, useState } [36mfrom[0m [32m"react"[0m;
  [90m4 |[0m



https://nextjs.org/docs/messages/module-not-found


⨯ ./src/instrumentation.tsx:1:1
Error: Module not found: Can't resolve '@radix-ui/react-dialog'
[31m[1m>[0m [90m1 |[0m [36mimport[0m { [33mDialog[0m } [36mfrom[0m [32m"@radix-ui/react-dialog"[0m;
  [90m  |[0m [31m[1m^^^^^^^^^^^^^^^^^^^^^^^^^^^^^^^^^^^^^^^^^^^^^^^^[0m
  [90m2 |[0m [36mimport[0m { [33mAlertTriangle[0m, [33mChevronDown[0m, [33mExternalLink[0m } [36mfrom[0m [32m"lucide-react"[0m;
  [90m3 |[0m [36mimport[0m [33mReact[0m, { useEffect, useState } [36mfrom[0m [32m"react"[0m;
  [90m4 |[0m



https://nextjs.org/docs/messages/module-not-found


⨯ ./src/components/ui/button.tsx:2:1
Error: Module not found: Can't resolve '@radix-ui/react-slot'
  [90m1 |[0m [36mimport[0m * [36mas[0m [33mReact[0m [36mfrom[0m [32m"react"[0m
[31m[1m>[0m [90m2 |[0m [36mimport[0m { [33mSlot[0m } [36mfrom[0m [32m"@radix-ui/react-slot"[0m
  [90m  |[0m [31m[1m^^^^^^^^^^^^^^^^^^^^^^^^^^^^^^^^^^^^^^^^^^^[0m
  [90m3 |[0m [36mimport[0m { cva, [36mtype[0m [33mVariantProps[0m } [36mfrom[0m [32m"class-variance-authority"[0m
  [90m4 |[0m
  [90m5 |[0m [36mimport[0m { cn } [36mfrom[0m [32m"@/lib/utils"[0m



Import trace:
  Edge Instrumentation:
    ./src/components/ui/button.tsx
    ./src/instrumentation.tsx

https://nextjs.org/docs/messages/module-not-found


⨯ ./src/components/ui/button.tsx:2:1
Error: Module not found: Can't resolve '@radix-ui/react-slot'
  [90m1 |[0m [36mimport[0m * [36mas[0m [33mReact[0m [36mfrom[0m [32m"react"[0m
[31m[1m>[0m [90m2 |[0m [36mimport[0m { [33mSlot[0m } [36mfrom[0m [32m"@radix-ui/react-slot"[0m
  [90m  |[0m [31m[1m^^^^^^^^^^^^^^^^^^^^^^^^^^^^^^^^^^^^^^^^^^^[0m
  [90m3 |[0m [36mimport[0m { cva, [36mtype[0m [33mVariantProps[0m } [36mfrom[0m [32m"class-variance-authority"[0m
  [90m4 |[0m
  [90m5 |[0m [36mimport[0m { cn } [36mfrom[0m [32m"@/lib/utils"[0m



Import trace:
  Edge Instrumentation:
    ./src/components/ui/button.tsx
    ./src/instrumentation.tsx

https://nextjs.org/docs/messages/module-not-found


⨯ ./src/components/ui/button.tsx:3:1
Error: Module not found: Can't resolve 'class-variance-authority'
  [90m1 |[0m [36mimport[0m * [36mas[0m [33mReact[0m [36mfrom[0m [32m"react"[0m
  [90m2 |[0m [36mimport[0m { [33mSlot[0m } [36mfrom[0m [32m"@radix-ui/react-slot"[0m
[31m[1m>[0m [90m3 |[0m [36mimport[0m { cva, [36mtype[0m [33mVariantProps[0m } [36mfrom[0m [32m"class-variance-authority"[0m
  [90m  |[0m [31m[1m^^^^^^^^^^^^^^^^^^^^^^^^^^^^^^^^^^^^^^^^^^^^^^^^^^^^^^^^^^^^^^^^^[0m
  [90m4 |[0m
  [90m5 |[0m [36mimport[0m { cn } [36mfrom[0m [32m"@/lib/utils"[0m
  [90m6 |[0m



Import trace:
  Edge Instrumentation:
    ./src/components/ui/button.tsx
    ./src/instrumentation.tsx

https://nextjs.org/docs/messages/module-not-found


⨯ ./src/components/ui/button.tsx:3:1
Error: Module not found: Can't resolve 'class-variance-authority'
  [90m1 |[0m [36mimport[0m * [36mas[0m [33mReact[0m [36mfrom[0m [32m"react"[0m
  [90m2 |[0m [36mimport[0m { [33mSlot[0m } [36mfrom[0m [32m"@radix-ui/react-slot"[0m
[31m[1m>[0m [90m3 |[0m [36mimport[0m { cva, [36mtype[0m [33mVariantProps[0m } [36mfrom[0m [32m"class-variance-authority"[0m
  [90m  |[0m [31m[1m^^^^^^^^^^^^^^^^^^^^^^^^^^^^^^^^^^^^^^^^^^^^^^^^^^^^^^^^^^^^^^^^^[0m
  [90m4 |[0m
  [90m5 |[0m [36mimport[0m { cn } [36mfrom[0m [32m"@/lib/utils"[0m
  [90m6 |[0m



Import trace:
  Edge Instrumentation:
    ./src/components/ui/button.tsx
    ./src/instrumentation.tsx

https://nextjs.org/docs/messages/module-not-found


⨯ ./src/lib/utils.ts:1:1
Error: Module not found: Can't resolve 'clsx'
[31m[1m>[0m [90m1 |[0m [36mimport[0m { clsx, [36mtype[0m [33mClassValue[0m } [36mfrom[0m [32m"clsx"[0m;
  [90m  |[0m [31m[1m^^^^^^^^^^^^^^^^^^^^^^^^^^^^^^^^^^^^^^^^^^^^^[0m
  [90m2 |[0m [36mimport[0m { twMerge } [36mfrom[0m [32m"tailwind-merge"[0m;
  [90m3 |[0m
  [90m4 |[0m [36mexport[0m [36mfunction[0m cn(...inputs: [33mClassValue[0m[]) {



Import trace:
  Edge Instrumentation:
    ./src/lib/utils.ts
    ./src/components/ui/dialog.tsx
    ./src/instrumentation.tsx

https://nextjs.org/docs/messages/module-not-found


⨯ ./src/lib/utils.ts:1:1
Error: Module not found: Can't resolve 'clsx'
[31m[1m>[0m [90m1 |[0m [36mimport[0m { clsx, [36mtype[0m [33mClassValue[0m } [36mfrom[0m [32m"clsx"[0m;
  [90m  |[0m [31m[1m^^^^^^^^^^^^^^^^^^^^^^^^^^^^^^^^^^^^^^^^^^^^^[0m
  [90m2 |[0m [36mimport[0m { twMerge } [36mfrom[0m [32m"tailwind-merge"[0m;
  [90m3 |[0m
  [90m4 |[0m [36mexport[0m [36mfunction[0m cn(...inputs: [33mClassValue[0m[]) {



Import trace:
  Edge Instrumentation:
    ./src/lib/utils.ts
    ./src/components/ui/dialog.tsx
    ./src/instrumentation.tsx

https://nextjs.org/docs/messages/module-not-found


⨯ ./src/lib/utils.ts:2:1
Error: Module not found: Can't resolve 'tailwind-merge'
  [90m1 |[0m [36mimport[0m { clsx, [36mtype[0m [33mClassValue[0m } [36mfrom[0m [32m"clsx"[0m;
[31m[1m>[0m [90m2 |[0m [36mimport[0m { twMerge } [36mfrom[0m [32m"tailwind-merge"[0m;
  [90m  |[0m [31m[1m^^^^^^^^^^^^^^^^^^^^^^^^^^^^^^^^^^^^^^^^^[0m
  [90m3 |[0m
  [90m4 |[0m [36mexport[0m [36mfunction[0m cn(...inputs: [33mClassValue[0m[]) {
  [90m5 |[0m   [36mreturn[0m twMerge(clsx(inputs));



Import trace:
  Edge Instrumentation:
    ./src/lib/utils.ts
    ./src/components/ui/dialog.tsx
    ./src/instrumentation.tsx

https://nextjs.org/docs/messages/module-not-found


⨯ ./src/lib/utils.ts:2:1
Error: Module not found: Can't resolve 'tailwind-merge'
  [90m1 |[0m [36mimport[0m { clsx, [36mtype[0m [33mClassValue[0m } [36mfrom[0m [32m"clsx"[0m;
[31m[1m>[0m [90m2 |[0m [36mimport[0m { twMerge } [36mfrom[0m [32m"tailwind-merge"[0m;
  [90m  |[0m [31m[1m^^^^^^^^^^^^^^^^^^^^^^^^^^^^^^^^^^^^^^^^^[0m
  [90m3 |[0m
  [90m4 |[0m [36mexport[0m [36mfunction[0m cn(...inputs: [33mClassValue[0m[]) {
  [90m5 |[0m   [36mreturn[0m twMerge(clsx(inputs));



Import trace:
  Edge Instrumentation:
    ./src/lib/utils.ts
    ./src/components/ui/dialog.tsx
    ./src/instrumentation.tsx

https://nextjs.org/docs/messages/module-not-found


⨯ unhandledRejection: Error: ENOENT: no such file or directory, scandir 'C:\Users\lenovo\Desktop\indexia-finance\personal-political\bijendra-malik-site\src\app'
    at ignore-listed frames {
  errno: -4058,
  code: 'ENOENT',
  syscall: 'scandir',
  path: 'C:\\Users\\lenovo\\Desktop\\indexia-finance\\personal-political\\bijendra-malik-site\\src\\app'
}
Error: ENOENT: no such file or directory, scandir 'C:\Users\lenovo\Desktop\indexia-finance\personal-political\bijendra-malik-site\src\app'
    at ignore-listed frames {
  errno: -4058,
  code: 'ENOENT',
  syscall: 'scandir',
  path: 'C:\\Users\\lenovo\\Desktop\\indexia-finance\\personal-political\\bijendra-malik-site\\src\\app'
}
Error: ENOENT: no such file or directory, scandir 'C:\Users\lenovo\Desktop\indexia-finance\personal-political\bijendra-malik-site\src\app'
    at ignore-listed frames {
  errno: -4058,
  code: 'ENOENT',
  syscall: 'scandir',
  path: 'C:\\Users\\lenovo\\Desktop\\indexia-finance\\personal-political\\bijendra-malik-site\\src\\app'
}
Error: ENOENT: no such file or directory, scandir 'C:\Users\lenovo\Desktop\indexia-finance\personal-political\bijendra-malik-site\src\app'
    at ignore-listed frames {
  errno: -4058,
  code: 'ENOENT',
  syscall: 'scandir',
  path: 'C:\\Users\\lenovo\\Desktop\\indexia-finance\\personal-political\\bijendra-malik-site\\src\\app'
}
Error: ENOENT: no such file or directory, scandir 'C:\Users\lenovo\Desktop\indexia-finance\personal-political\bijendra-malik-site\src\app'
    at ignore-listed frames {
  errno: -4058,
  code: 'ENOENT',
  syscall: 'scandir',
  path: 'C:\\Users\\lenovo\\Desktop\\indexia-finance\\personal-political\\bijendra-malik-site\\src\\app'
}
Error: ENOENT: no such file or directory, scandir 'C:\Users\lenovo\Desktop\indexia-finance\personal-political\bijendra-malik-site\src\app'
    at ignore-listed frames {
  errno: -4058,
  code: 'ENOENT',
  syscall: 'scandir',
  path: 'C:\\Users\\lenovo\\Desktop\\indexia-finance\\personal-political\\bijendra-malik-site\\src\\app'
}
Error: ENOENT: no such file or directory, scandir 'C:\Users\lenovo\Desktop\indexia-finance\personal-political\bijendra-malik-site\src\app'
    at ignore-listed frames {
  errno: -4058,
  code: 'ENOENT',
  syscall: 'scandir',
  path: 'C:\\Users\\lenovo\\Desktop\\indexia-finance\\personal-political\\bijendra-malik-site\\src\\app'
}
Error: ENOENT: no such file or directory, scandir 'C:\Users\lenovo\Desktop\indexia-finance\personal-political\bijendra-malik-site\src\app'
    at ignore-listed frames {
  errno: -4058,
  code: 'ENOENT',
  syscall: 'scandir',
  path: 'C:\\Users\\lenovo\\Desktop\\indexia-finance\\personal-political\\bijendra-malik-site\\src\\app'
}
Error: ENOENT: no such file or directory, scandir 'C:\Users\lenovo\Desktop\indexia-finance\personal-political\bijendra-malik-site\src\app'
    at ignore-listed frames {
  errno: -4058,
  code: 'ENOENT',
  syscall: 'scandir',
  path: 'C:\\Users\\lenovo\\Desktop\\indexia-finance\\personal-political\\bijendra-malik-site\\src\\app'
}
Error: ENOENT: no such file or directory, scandir 'C:\Users\lenovo\Desktop\indexia-finance\personal-political\bijendra-malik-site\src\app'
    at ignore-listed frames {
  errno: -4058,
  code: 'ENOENT',
  syscall: 'scandir',
  path: 'C:\\Users\\lenovo\\Desktop\\indexia-finance\\personal-political\\bijendra-malik-site\\src\\app'
}
Error: ENOENT: no such file or directory, scandir 'C:\Users\lenovo\Desktop\indexia-finance\personal-political\bijendra-malik-site\src\app'
    at ignore-listed frames {
  errno: -4058,
  code: 'ENOENT',
  syscall: 'scandir',
  path: 'C:\\Users\\lenovo\\Desktop\\indexia-finance\\personal-political\\bijendra-malik-site\\src\\app'
}
Error: ENOENT: no such file or directory, scandir 'C:\Users\lenovo\Desktop\indexia-finance\personal-political\bijendra-malik-site\src\app'
    at ignore-listed frames {
  errno: -4058,
  code: 'ENOENT',
  syscall: 'scandir',
  path: 'C:\\Users\\lenovo\\Desktop\\indexia-finance\\personal-political\\bijendra-malik-site\\src\\app'
}
Error: ENOENT: no such file or directory, scandir 'C:\Users\lenovo\Desktop\indexia-finance\personal-political\bijendra-malik-site\src\app'
    at ignore-listed frames {
  errno: -4058,
  code: 'ENOENT',
  syscall: 'scandir',
  path: 'C:\\Users\\lenovo\\Desktop\\indexia-finance\\personal-political\\bijendra-malik-site\\src\\app'
}
Error: ENOENT: no such file or directory, scandir 'C:\Users\lenovo\Desktop\indexia-finance\personal-political\bijendra-malik-site\src\app'
    at ignore-listed frames {
  errno: -4058,
  code: 'ENOENT',
  syscall: 'scandir',
  path: 'C:\\Users\\lenovo\\Desktop\\indexia-finance\\personal-political\\bijendra-malik-site\\src\\app'
}
Error: ENOENT: no such file or directory, scandir 'C:\Users\lenovo\Desktop\indexia-finance\personal-political\bijendra-malik-site\src\app'
    at ignore-listed frames {
  errno: -4058,
  code: 'ENOENT',
  syscall: 'scandir',
  path: 'C:\\Users\\lenovo\\Desktop\\indexia-finance\\personal-political\\bijendra-malik-site\\src\\app'
}
Error: ENOENT: no such file or directory, scandir 'C:\Users\lenovo\Desktop\indexia-finance\personal-political\bijendra-malik-site\src\app'
    at ignore-listed frames {
  errno: -4058,
  code: 'ENOENT',
  syscall: 'scandir',
  path: 'C:\\Users\\lenovo\\Desktop\\indexia-finance\\personal-political\\bijendra-malik-site\\src\\app'
}
Error: ENOENT: no such file or directory, scandir 'C:\Users\lenovo\Desktop\indexia-finance\personal-political\bijendra-malik-site\src\app'
    at ignore-listed frames {
  errno: -4058,
  code: 'ENOENT',
  syscall: 'scandir',
  path: 'C:\\Users\\lenovo\\Desktop\\indexia-finance\\personal-political\\bijendra-malik-site\\src\\app'
}
Error: ENOENT: no such file or directory, scandir 'C:\Users\lenovo\Desktop\indexia-finance\personal-political\bijendra-malik-site\src\app'
    at ignore-listed frames {
  errno: -4058,
  code: 'ENOENT',
  syscall: 'scandir',
  path: 'C:\\Users\\lenovo\\Desktop\\indexia-finance\\personal-political\\bijendra-malik-site\\src\\app'
}
Error: ENOENT: no such file or directory, scandir 'C:\Users\lenovo\Desktop\indexia-finance\personal-political\bijendra-malik-site\src\app'
    at ignore-listed frames {
  errno: -4058,
  code: 'ENOENT',
  syscall: 'scandir',
  path: 'C:\\Users\\lenovo\\Desktop\\indexia-finance\\personal-political\\bijendra-malik-site\\src\\app'
}
Error: ENOENT: no such file or directory, scandir 'C:\Users\lenovo\Desktop\indexia-finance\personal-political\bijendra-malik-site\src\app'
    at ignore-listed frames {
  errno: -4058,
  code: 'ENOENT',
  syscall: 'scandir',
  path: 'C:\\Users\\lenovo\\Desktop\\indexia-finance\\personal-political\\bijendra-malik-site\\src\\app'
}
Error: ENOENT: no such file or directory, scandir 'C:\Users\lenovo\Desktop\indexia-finance\personal-political\bijendra-malik-site\src\app'
    at ignore-listed frames {
  errno: -4058,
  code: 'ENOENT',
  syscall: 'scandir',
  path: 'C:\\Users\\lenovo\\Desktop\\indexia-finance\\personal-political\\bijendra-malik-site\\src\\app'
}
Error: ENOENT: no such file or directory, scandir 'C:\Users\lenovo\Desktop\indexia-finance\personal-political\bijendra-malik-site\src\app'
    at ignore-listed frames {
  errno: -4058,
  code: 'ENOENT',
  syscall: 'scandir',
  path: 'C:\\Users\\lenovo\\Desktop\\indexia-finance\\personal-political\\bijendra-malik-site\\src\\app'
}
Error: ENOENT: no such file or directory, scandir 'C:\Users\lenovo\Desktop\indexia-finance\personal-political\bijendra-malik-site\src\app'
    at ignore-listed frames {
  errno: -4058,
  code: 'ENOENT',
  syscall: 'scandir',
  path: 'C:\\Users\\lenovo\\Desktop\\indexia-finance\\personal-political\\bijendra-malik-site\\src\\app'
}
Error: ENOENT: no such file or directory, scandir 'C:\Users\lenovo\Desktop\indexia-finance\personal-political\bijendra-malik-site\src\app'
    at ignore-listed frames {
  errno: -4058,
  code: 'ENOENT',
  syscall: 'scandir',
  path: 'C:\\Users\\lenovo\\Desktop\\indexia-finance\\personal-political\\bijendra-malik-site\\src\\app'
}
Error: ENOENT: no such file or directory, scandir 'C:\Users\lenovo\Desktop\indexia-finance\personal-political\bijendra-malik-site\src\app'
    at ignore-listed frames {
  errno: -4058,
  code: 'ENOENT',
  syscall: 'scandir',
  path: 'C:\\Users\\lenovo\\Desktop\\indexia-finance\\personal-political\\bijendra-malik-site\\src\\app'
}
Error: ENOENT: no such file or directory, scandir 'C:\Users\lenovo\Desktop\indexia-finance\personal-political\bijendra-malik-site\src\app'
    at ignore-listed frames {
  errno: -4058,
  code: 'ENOENT',
  syscall: 'scandir',
  path: 'C:\\Users\\lenovo\\Desktop\\indexia-finance\\personal-political\\bijendra-malik-site\\src\\app'
}
Error: ENOENT: no such file or directory, scandir 'C:\Users\lenovo\Desktop\indexia-finance\personal-political\bijendra-malik-site\src\app'
    at ignore-listed frames {
  errno: -4058,
  code: 'ENOENT',
  syscall: 'scandir',
  path: 'C:\\Users\\lenovo\\Desktop\\indexia-finance\\personal-political\\bijendra-malik-site\\src\\app'
}
Error: ENOENT: no such file or directory, scandir 'C:\Users\lenovo\Desktop\indexia-finance\personal-political\bijendra-malik-site\src\app'
    at ignore-listed frames {
  errno: -4058,
  code: 'ENOENT',
  syscall: 'scandir',
  path: 'C:\\Users\\lenovo\\Desktop\\indexia-finance\\personal-political\\bijendra-malik-site\\src\\app'
}
Error: ENOENT: no such file or directory, scandir 'C:\Users\lenovo\Desktop\indexia-finance\personal-political\bijendra-malik-site\src\app'
    at ignore-listed frames {
  errno: -4058,
  code: 'ENOENT',
  syscall: 'scandir',
  path: 'C:\\Users\\lenovo\\Desktop\\indexia-finance\\personal-political\\bijendra-malik-site\\src\\app'
}
Error: ENOENT: no such file or directory, scandir 'C:\Users\lenovo\Desktop\indexia-finance\personal-political\bijendra-malik-site\src\app'
    at ignore-listed frames {
  errno: -4058,
  code: 'ENOENT',
  syscall: 'scandir',
  path: 'C:\\Users\\lenovo\\Desktop\\indexia-finance\\personal-political\\bijendra-malik-site\\src\\app'
}
Error: ENOENT: no such file or directory, scandir 'C:\Users\lenovo\Desktop\indexia-finance\personal-political\bijendra-malik-site\src\app'
    at ignore-listed frames {
  errno: -4058,
  code: 'ENOENT',
  syscall: 'scandir',
  path: 'C:\\Users\\lenovo\\Desktop\\indexia-finance\\personal-political\\bijendra-malik-site\\src\\app'
}
Error: ENOENT: no such file or directory, scandir 'C:\Users\lenovo\Desktop\indexia-finance\personal-political\bijendra-malik-site\src\app'
    at ignore-listed frames {
  errno: -4058,
  code: 'ENOENT',
  syscall: 'scandir',
  path: 'C:\\Users\\lenovo\\Desktop\\indexia-finance\\personal-political\\bijendra-malik-site\\src\\app'
}
Error: ENOENT: no such file or directory, scandir 'C:\Users\lenovo\Desktop\indexia-finance\personal-political\bijendra-malik-site\src\app'
    at ignore-listed frames {
  errno: -4058,
  code: 'ENOENT',
  syscall: 'scandir',
  path: 'C:\\Users\\lenovo\\Desktop\\indexia-finance\\personal-political\\bijendra-malik-site\\src\\app'
}
Error: ENOENT: no such file or directory, scandir 'C:\Users\lenovo\Desktop\indexia-finance\personal-political\bijendra-malik-site\src\app'
    at ignore-listed frames {
  errno: -4058,
  code: 'ENOENT',
  syscall: 'scandir',
  path: 'C:\\Users\\lenovo\\Desktop\\indexia-finance\\personal-political\\bijendra-malik-site\\src\\app'
}
Error: ENOENT: no such file or directory, scandir 'C:\Users\lenovo\Desktop\indexia-finance\personal-political\bijendra-malik-site\src\app'
    at ignore-listed frames {
  errno: -4058,
  code: 'ENOENT',
  syscall: 'scandir',
  path: 'C:\\Users\\lenovo\\Desktop\\indexia-finance\\personal-political\\bijendra-malik-site\\src\\app'
}
Error: ENOENT: no such file or directory, scandir 'C:\Users\lenovo\Desktop\indexia-finance\personal-political\bijendra-malik-site\src\app'
    at ignore-listed frames {
  errno: -4058,
  code: 'ENOENT',
  syscall: 'scandir',
  path: 'C:\\Users\\lenovo\\Desktop\\indexia-finance\\personal-political\\bijendra-malik-site\\src\\app'
}
Error: ENOENT: no such file or directory, scandir 'C:\Users\lenovo\Desktop\indexia-finance\personal-political\bijendra-malik-site\src\app'
    at ignore-listed frames {
  errno: -4058,
  code: 'ENOENT',
  syscall: 'scandir',
  path: 'C:\\Users\\lenovo\\Desktop\\indexia-finance\\personal-political\\bijendra-malik-site\\src\\app'
}
Error: ENOENT: no such file or directory, scandir 'C:\Users\lenovo\Desktop\indexia-finance\personal-political\bijendra-malik-site\src\app'
    at ignore-listed frames {
  errno: -4058,
  code: 'ENOENT',
  syscall: 'scandir',
  path: 'C:\\Users\\lenovo\\Desktop\\indexia-finance\\personal-political\\bijendra-malik-site\\src\\app'
}
Error: ENOENT: no such file or directory, scandir 'C:\Users\lenovo\Desktop\indexia-finance\personal-political\bijendra-malik-site\src\app'
    at ignore-listed frames {
  errno: -4058,
  code: 'ENOENT',
  syscall: 'scandir',
  path: 'C:\\Users\\lenovo\\Desktop\\indexia-finance\\personal-political\\bijendra-malik-site\\src\\app'
}
Error: ENOENT: no such file or directory, scandir 'C:\Users\lenovo\Desktop\indexia-finance\personal-political\bijendra-malik-site\src\app'
    at ignore-listed frames {
  errno: -4058,
  code: 'ENOENT',
  syscall: 'scandir',
  path: 'C:\\Users\\lenovo\\Desktop\\indexia-finance\\personal-political\\bijendra-malik-site\\src\\app'
}
Error: ENOENT: no such file or directory, scandir 'C:\Users\lenovo\Desktop\indexia-finance\personal-political\bijendra-malik-site\src\app'
    at ignore-listed frames {
  errno: -4058,
  code: 'ENOENT',
  syscall: 'scandir',
  path: 'C:\\Users\\lenovo\\Desktop\\indexia-finance\\personal-political\\bijendra-malik-site\\src\\app'
}
Error: ENOENT: no such file or directory, scandir 'C:\Users\lenovo\Desktop\indexia-finance\personal-political\bijendra-malik-site\src\app'
    at ignore-listed frames {
  errno: -4058,
  code: 'ENOENT',
  syscall: 'scandir',
  path: 'C:\\Users\\lenovo\\Desktop\\indexia-finance\\personal-political\\bijendra-malik-site\\src\\app'
}
Error: ENOENT: no such file or directory, scandir 'C:\Users\lenovo\Desktop\indexia-finance\personal-political\bijendra-malik-site\src\app'
    at ignore-listed frames {
  errno: -4058,
  code: 'ENOENT',
  syscall: 'scandir',
  path: 'C:\\Users\\lenovo\\Desktop\\indexia-finance\\personal-political\\bijendra-malik-site\\src\\app'
}
Error: ENOENT: no such file or directory, scandir 'C:\Users\lenovo\Desktop\indexia-finance\personal-political\bijendra-malik-site\src\app'
    at ignore-listed frames {
  errno: -4058,
  code: 'ENOENT',
  syscall: 'scandir',
  path: 'C:\\Users\\lenovo\\Desktop\\indexia-finance\\personal-political\\bijendra-malik-site\\src\\app'
}
Error: ENOENT: no such file or directory, scandir 'C:\Users\lenovo\Desktop\indexia-finance\personal-political\bijendra-malik-site\src\app'
    at ignore-listed frames {
  errno: -4058,
  code: 'ENOENT',
  syscall: 'scandir',
  path: 'C:\\Users\\lenovo\\Desktop\\indexia-finance\\personal-political\\bijendra-malik-site\\src\\app'
}
Error: ENOENT: no such file or directory, scandir 'C:\Users\lenovo\Desktop\indexia-finance\personal-political\bijendra-malik-site\src\app'
    at ignore-listed frames {
  errno: -4058,
  code: 'ENOENT',
  syscall: 'scandir',
  path: 'C:\\Users\\lenovo\\Desktop\\indexia-finance\\personal-political\\bijendra-malik-site\\src\\app'
}
Error: ENOENT: no such file or directory, scandir 'C:\Users\lenovo\Desktop\indexia-finance\personal-political\bijendra-malik-site\src\app'
    at ignore-listed frames {
  errno: -4058,
  code: 'ENOENT',
  syscall: 'scandir',
  path: 'C:\\Users\\lenovo\\Desktop\\indexia-finance\\personal-political\\bijendra-malik-site\\src\\app'
}
Error: ENOENT: no such file or directory, scandir 'C:\Users\lenovo\Desktop\indexia-finance\personal-political\bijendra-malik-site\src\app'
    at ignore-listed frames {
  errno: -4058,
  code: 'ENOENT',
  syscall: 'scandir',
  path: 'C:\\Users\\lenovo\\Desktop\\indexia-finance\\personal-political\\bijendra-malik-site\\src\\app'
}
Error: ENOENT: no such file or directory, scandir 'C:\Users\lenovo\Desktop\indexia-finance\personal-political\bijendra-malik-site\src\app'
    at ignore-listed frames {
  errno: -4058,
  code: 'ENOENT',
  syscall: 'scandir',
  path: 'C:\\Users\\lenovo\\Desktop\\indexia-finance\\personal-political\\bijendra-malik-site\\src\\app'
}
Error: ENOENT: no such file or directory, scandir 'C:\Users\lenovo\Desktop\indexia-finance\personal-political\bijendra-malik-site\src\app'
    at ignore-listed frames {
  errno: -4058,
  code: 'ENOENT',
  syscall: 'scandir',
  path: 'C:\\Users\\lenovo\\Desktop\\indexia-finance\\personal-political\\bijendra-malik-site\\src\\app'
}
Error: ENOENT: no such file or directory, scandir 'C:\Users\lenovo\Desktop\indexia-finance\personal-political\bijendra-malik-site\src\app'
    at ignore-listed frames {
  errno: -4058,
  code: 'ENOENT',
  syscall: 'scandir',
  path: 'C:\\Users\\lenovo\\Desktop\\indexia-finance\\personal-political\\bijendra-malik-site\\src\\app'
}
Error: ENOENT: no such file or directory, scandir 'C:\Users\lenovo\Desktop\indexia-finance\personal-political\bijendra-malik-site\src\app'
    at ignore-listed frames {
  errno: -4058,
  code: 'ENOENT',
  syscall: 'scandir',
  path: 'C:\\Users\\lenovo\\Desktop\\indexia-finance\\personal-political\\bijendra-malik-site\\src\\app'
}
Error: ENOENT: no such file or directory, scandir 'C:\Users\lenovo\Desktop\indexia-finance\personal-political\bijendra-malik-site\src\app'
    at ignore-listed frames {
  errno: -4058,
  code: 'ENOENT',
  syscall: 'scandir',
  path: 'C:\\Users\\lenovo\\Desktop\\indexia-finance\\personal-political\\bijendra-malik-site\\src\\app'
}
Error: ENOENT: no such file or directory, scandir 'C:\Users\lenovo\Desktop\indexia-finance\personal-political\bijendra-malik-site\src\app'
    at ignore-listed frames {
  errno: -4058,
  code: 'ENOENT',
  syscall: 'scandir',
  path: 'C:\\Users\\lenovo\\Desktop\\indexia-finance\\personal-political\\bijendra-malik-site\\src\\app'
}
Error: ENOENT: no such file or directory, scandir 'C:\Users\lenovo\Desktop\indexia-finance\personal-political\bijendra-malik-site\src\app'
    at ignore-listed frames {
  errno: -4058,
  code: 'ENOENT',
  syscall: 'scandir',
  path: 'C:\\Users\\lenovo\\Desktop\\indexia-finance\\personal-political\\bijendra-malik-site\\src\\app'
}
Error: ENOENT: no such file or directory, scandir 'C:\Users\lenovo\Desktop\indexia-finance\personal-political\bijendra-malik-site\src\app'
    at ignore-listed frames {
  errno: -4058,
  code: 'ENOENT',
  syscall: 'scandir',
  path: 'C:\\Users\\lenovo\\Desktop\\indexia-finance\\personal-political\\bijendra-malik-site\\src\\app'
}
Error: ENOENT: no such file or directory, scandir 'C:\Users\lenovo\Desktop\indexia-finance\personal-political\bijendra-malik-site\src\app'
    at ignore-listed frames {
  errno: -4058,
  code: 'ENOENT',
  syscall: 'scandir',
  path: 'C:\\Users\\lenovo\\Desktop\\indexia-finance\\personal-political\\bijendra-malik-site\\src\\app'
}
Error: ENOENT: no such file or directory, scandir 'C:\Users\lenovo\Desktop\indexia-finance\personal-political\bijendra-malik-site\src\app'
    at ignore-listed frames {
  errno: -4058,
  code: 'ENOENT',
  syscall: 'scandir',
  path: 'C:\\Users\\lenovo\\Desktop\\indexia-finance\\personal-political\\bijendra-malik-site\\src\\app'
}
Error: ENOENT: no such file or directory, scandir 'C:\Users\lenovo\Desktop\indexia-finance\personal-political\bijendra-malik-site\src\app'
    at ignore-listed frames {
  errno: -4058,
  code: 'ENOENT',
  syscall: 'scandir',
  path: 'C:\\Users\\lenovo\\Desktop\\indexia-finance\\personal-political\\bijendra-malik-site\\src\\app'
}
Error: ENOENT: no such file or directory, scandir 'C:\Users\lenovo\Desktop\indexia-finance\personal-political\bijendra-malik-site\src\app'
    at ignore-listed frames {
  errno: -4058,
  code: 'ENOENT',
  syscall: 'scandir',
  path: 'C:\\Users\\lenovo\\Desktop\\indexia-finance\\personal-political\\bijendra-malik-site\\src\\app'
}
Error: ENOENT: no such file or directory, scandir 'C:\Users\lenovo\Desktop\indexia-finance\personal-political\bijendra-malik-site\src\app'
    at ignore-listed frames {
  errno: -4058,
  code: 'ENOENT',
  syscall: 'scandir',
  path: 'C:\\Users\\lenovo\\Desktop\\indexia-finance\\personal-political\\bijendra-malik-site\\src\\app'
}
Error: ENOENT: no such file or directory, scandir 'C:\Users\lenovo\Desktop\indexia-finance\personal-political\bijendra-malik-site\src\app'
    at ignore-listed frames {
  errno: -4058,
  code: 'ENOENT',
  syscall: 'scandir',
  path: 'C:\\Users\\lenovo\\Desktop\\indexia-finance\\personal-political\\bijendra-malik-site\\src\\app'
}
Error: ENOENT: no such file or directory, scandir 'C:\Users\lenovo\Desktop\indexia-finance\personal-political\bijendra-malik-site\src\app'
    at ignore-listed frames {
  errno: -4058,
  code: 'ENOENT',
  syscall: 'scandir',
  path: 'C:\\Users\\lenovo\\Desktop\\indexia-finance\\personal-political\\bijendra-malik-site\\src\\app'
}
Error: ENOENT: no such file or directory, scandir 'C:\Users\lenovo\Desktop\indexia-finance\personal-political\bijendra-malik-site\src\app'
    at ignore-listed frames {
  errno: -4058,
  code: 'ENOENT',
  syscall: 'scandir',
  path: 'C:\\Users\\lenovo\\Desktop\\indexia-finance\\personal-political\\bijendra-malik-site\\src\\app'
}
Error: ENOENT: no such file or directory, scandir 'C:\Users\lenovo\Desktop\indexia-finance\personal-political\bijendra-malik-site\src\app'
    at ignore-listed frames {
  errno: -4058,
  code: 'ENOENT',
  syscall: 'scandir',
  path: 'C:\\Users\\lenovo\\Desktop\\indexia-finance\\personal-political\\bijendra-malik-site\\src\\app'
}
⨯ unhandledRejection: Error: ENOENT: no such file or directory, scandir 'C:\Users\lenovo\Desktop\indexia-finance\personal-political\bijendra-malik-site\src\app'
    at ignore-listed frames {
  errno: -4058,
  code: 'ENOENT',
  syscall: 'scandir',
  path: 'C:\\Users\\lenovo\\Desktop\\indexia-finance\\personal-political\\bijendra-malik-site\\src\\app'
}
⚠ Found a change in next.config.ts. Restarting the server to apply the changes...
⚠ Found a change in next.config.ts. Restarting the server to apply the changes...
⚠ Found a change in next.config.ts. Restarting the server to apply the changes...
