
> bijendra-malik-site@0.1.0 dev
> next dev

▲ Next.js 16.3.2 (Turbopack)
- Local:         http://localhost:55182
- Network:       http://192.168.1.4:55182
✓ Ready in 14.8s
✓ Running next.config.ts took 769ms

 GET / 200 in 4.3s (next.js: 3.6s, application-code: 657ms)
 GET / 200 in 264ms (next.js: 54ms, application-code: 210ms)
 GET / 200 in 162ms (next.js: 13ms, application-code: 149ms)
 GET / 200 in 488ms (next.js: 33ms, application-code: 455ms)
✓ Compiled in 1566ms
 GET / 200 in 164ms (next.js: 42ms, application-code: 122ms)
 GET / 200 in 106ms (next.js: 18ms, application-code: 88ms)
 GET / 200 in 267ms (next.js: 39ms, application-code: 228ms)
 GET / 200 in 276ms (next.js: 20ms, application-code: 256ms)
✓ Compiled in 225ms
 GET / 200 in 239ms (next.js: 29ms, application-code: 210ms)
 GET / 200 in 128ms (next.js: 24ms, application-code: 104ms)
✓ Compiled in 212ms
 GET / 200 in 265ms (next.js: 26ms, application-code: 239ms)
 GET / 200 in 400ms (next.js: 10ms, application-code: 390ms)
 GET / 200 in 261ms (next.js: 16ms, application-code: 245ms)
✓ Compiled in 252ms
 GET / 200 in 320ms (next.js: 22ms, application-code: 299ms)
✓ Compiled in 219ms
 GET / 200 in 290ms (next.js: 27ms, application-code: 263ms)
 GET / 200 in 228ms (next.js: 17ms, application-code: 211ms)
 GET / 200 in 287ms (next.js: 20ms, application-code: 268ms)
 GET / 200 in 245ms (next.js: 19ms, application-code: 226ms)
 GET / 200 in 260ms (next.js: 13ms, application-code: 247ms)
✓ Compiled in 1171ms
 GET / 200 in 342ms (next.js: 23ms, application-code: 319ms)
 GET / 200 in 584ms (next.js: 11ms, application-code: 573ms)
 GET / 200 in 377ms (next.js: 10ms, application-code: 368ms)
✓ Compiled in 357ms
 GET / 200 in 151ms (next.js: 36ms, application-code: 115ms)
✓ Compiled in 492ms
 GET / 200 in 79ms (next.js: 12ms, application-code: 67ms)
 GET / 200 in 451ms (next.js: 16ms, application-code: 435ms)
✓ Compiled in 459ms
 GET / 200 in 170ms (next.js: 39ms, application-code: 131ms)
 GET / 200 in 470ms (next.js: 20ms, application-code: 451ms)
✓ Compiled in 860ms
 GET / 200 in 217ms (next.js: 73ms, application-code: 144ms)
✓ Compiled in 333ms
 GET / 200 in 56ms (next.js: 12ms, application-code: 44ms)
✓ Compiled in 219ms
 GET / 200 in 100ms (next.js: 18ms, application-code: 83ms)
✓ Compiled in 391ms
 GET / 200 in 157ms (next.js: 31ms, application-code: 125ms)
✓ Compiled in 274ms
 GET / 200 in 128ms (next.js: 26ms, application-code: 102ms)
✓ Compiled in 313ms
 GET / 200 in 159ms (next.js: 20ms, application-code: 139ms)
✓ Compiled in 310ms
 GET / 200 in 150ms (next.js: 37ms, application-code: 113ms)
✓ Compiled in 144ms
 GET / 200 in 84ms (next.js: 22ms, application-code: 63ms)
✓ Compiled in 201ms
 GET / 200 in 129ms (next.js: 23ms, application-code: 106ms)
✓ Compiled in 794ms
 GET / 200 in 191ms (next.js: 64ms, application-code: 127ms)
✓ Compiled in 237ms
 GET / 200 in 140ms (next.js: 31ms, application-code: 110ms)
✓ Compiled in 461ms
 GET / 200 in 121ms (next.js: 21ms, application-code: 101ms)
 GET / 200 in 351ms (next.js: 15ms, application-code: 336ms)
 GET / 200 in 381ms (next.js: 12ms, application-code: 370ms)
✓ Compiled in 157ms
 GET / 200 in 59ms (next.js: 11ms, application-code: 48ms)
 GET / 200 in 410ms (next.js: 21ms, application-code: 389ms)
✓ Compiled in 232ms
 GET / 200 in 158ms (next.js: 34ms, application-code: 124ms)
 GET / 200 in 419ms (next.js: 22ms, application-code: 397ms)
✓ Compiled in 197ms
 GET / 200 in 62ms (next.js: 13ms, application-code: 49ms)
 GET / 200 in 441ms (next.js: 18ms, application-code: 422ms)
✓ Compiled in 407ms
 GET / 200 in 115ms (next.js: 21ms, application-code: 93ms)
✓ Compiled in 261ms
 GET / 200 in 134ms (next.js: 31ms, application-code: 103ms)
 GET / 200 in 635ms (next.js: 24ms, application-code: 611ms)
✓ Compiled in 390ms
 GET / 200 in 183ms (next.js: 47ms, application-code: 136ms)
✓ Compiled in 922ms
 GET / 200 in 75ms (next.js: 17ms, application-code: 58ms)
✓ Compiled in 274ms
 GET / 200 in 73ms (next.js: 14ms, application-code: 60ms)
✓ Compiled in 419ms
 GET / 200 in 118ms (next.js: 28ms, application-code: 90ms)
 GET / 200 in 337ms (next.js: 12ms, application-code: 325ms)
✓ Compiled in 277ms
 GET / 200 in 141ms (next.js: 32ms, application-code: 109ms)
✓ Compiled in 420ms
 GET / 200 in 200ms (next.js: 40ms, application-code: 160ms)
✓ Compiled in 321ms
 GET / 200 in 113ms (next.js: 24ms, application-code: 89ms)
✓ Compiled in 458ms
 GET / 200 in 104ms (next.js: 23ms, application-code: 81ms)
✓ Compiled in 410ms
 GET / 200 in 127ms (next.js: 46ms, application-code: 81ms)
✓ Compiled in 343ms
 GET / 200 in 154ms (next.js: 26ms, application-code: 128ms)
 GET / 200 in 417ms (next.js: 21ms, application-code: 396ms)
✓ Compiled in 98ms
 GET / 200 in 47ms (next.js: 10ms, application-code: 37ms)
✓ Compiled in 345ms
 GET / 200 in 95ms (next.js: 16ms, application-code: 79ms)
✓ Compiled in 282ms
 GET / 200 in 140ms (next.js: 34ms, application-code: 106ms)
 GET / 200 in 371ms (next.js: 10ms, application-code: 361ms)
✓ Compiled in 191ms
 GET / 200 in 81ms (next.js: 11ms, application-code: 69ms)
 GET / 200 in 418ms (next.js: 12ms, application-code: 405ms)
✓ Compiled in 372ms
 GET / 200 in 143ms (next.js: 14ms, application-code: 129ms)
✓ Compiled in 289ms
 GET / 200 in 131ms (next.js: 36ms, application-code: 95ms)
✓ Compiled in 302ms
 GET / 200 in 117ms (next.js: 30ms, application-code: 87ms)
✓ Compiled in 341ms
 GET / 200 in 154ms (next.js: 40ms, application-code: 114ms)
 GET / 200 in 501ms (next.js: 12ms, application-code: 489ms)
✓ Compiled in 379ms
 GET / 200 in 126ms (next.js: 21ms, application-code: 106ms)
✓ Compiled in 355ms
 GET / 200 in 230ms (next.js: 73ms, application-code: 158ms)
✓ Compiled in 611ms
 GET / 200 in 137ms (next.js: 24ms, application-code: 112ms)
✓ Compiled in 485ms
 GET / 200 in 159ms (next.js: 40ms, application-code: 119ms)
✓ Compiled in 247ms
 GET / 200 in 152ms (next.js: 33ms, application-code: 119ms)
 GET / 200 in 338ms (next.js: 17ms, application-code: 322ms)
✓ Compiled in 243ms
 GET / 200 in 100ms (next.js: 11ms, application-code: 89ms)
✓ Compiled in 297ms
 GET / 200 in 102ms (next.js: 16ms, application-code: 86ms)
✓ Compiled in 204ms
 GET / 200 in 137ms (next.js: 33ms, application-code: 104ms)
✓ Compiled in 229ms
 GET / 200 in 127ms (next.js: 11ms, application-code: 116ms)
✓ Compiled in 195ms
 GET / 200 in 129ms (next.js: 26ms, application-code: 104ms)
✓ Compiled in 374ms
 GET / 200 in 155ms (next.js: 33ms, application-code: 122ms)
 GET / 200 in 500ms (next.js: 12ms, application-code: 488ms)
✓ Compiled in 356ms
 GET / 200 in 161ms (next.js: 22ms, application-code: 138ms)
✓ Compiled in 295ms
 GET / 200 in 273ms (next.js: 15ms, application-code: 258ms)
 GET / 200 in 422ms (next.js: 21ms, application-code: 401ms)
 GET / 200 in 468ms (next.js: 56ms, application-code: 412ms)
 GET / 200 in 392ms (next.js: 12ms, application-code: 380ms)
✓ Compiled in 425ms
 GET / 200 in 161ms (next.js: 76ms, application-code: 85ms)
 GET / 200 in 397ms (next.js: 14ms, application-code: 384ms)
✓ Compiled in 326ms
 GET / 200 in 135ms (next.js: 34ms, application-code: 100ms)
✓ Compiled in 266ms
 GET / 200 in 115ms (next.js: 25ms, application-code: 90ms)
✓ Compiled in 476ms
 GET / 200 in 145ms (next.js: 42ms, application-code: 102ms)
✓ Compiled in 248ms
 GET / 200 in 70ms (next.js: 13ms, application-code: 57ms)
✓ Compiled in 355ms
○ Compiling /_error ...
 GET / 500 in 4.6s (next.js: 4.0s, application-code: 563ms)
 GET / 200 in 370ms (next.js: 17ms, application-code: 353ms)
✓ Compiled in 261ms
 GET / 200 in 102ms (next.js: 15ms, application-code: 87ms)
✓ Compiled in 277ms
 GET / 200 in 271ms (next.js: 44ms, application-code: 228ms)
