
> bijendra-malik-site@0.1.0 dev
> next dev

▲ Next.js 16.3.2 (Turbopack)
- Local:         http://localhost:63690
- Network:       http://192.168.1.4:63690
✓ Ready in 1204ms
✓ Running next.config.ts took 152ms GET / 200 in 1543ms (next.js: 1202ms, application-code: 341ms)
 GET / 200 in 119ms (next.js: 14ms, application-code: 106ms)
 GET / 200 in 120ms (next.js: 11ms, application-code: 109ms)
✓ Compiled in 332ms
 GET / 200 in 67ms (next.js: 18ms, application-code: 49ms)
✓ Compiled in 281ms
 GET / 200 in 102ms (next.js: 25ms, application-code: 77ms)
 GET / 200 in 223ms (next.js: 15ms, application-code: 208ms)
 GET / 200 in 304ms (next.js: 28ms, application-code: 276ms)
✓ Compiled in 314ms
 GET / 200 in 187ms (next.js: 22ms, application-code: 165ms)
 GET / 200 in 105ms (next.js: 16ms, application-code: 88ms)
 GET / 200 in 343ms (next.js: 36ms, application-code: 308ms)
 GET / 200 in 344ms (next.js: 35ms, application-code: 310ms)
 GET /about 200 in 246ms (next.js: 158ms, application-code: 88ms)
 GET /political-journey 200 in 194ms (next.js: 138ms, application-code: 56ms)
 GET /vision-mission 200 in 214ms (next.js: 138ms, application-code: 76ms)
 GET /social-work 200 in 129ms (next.js: 81ms, application-code: 47ms)
✓ Compiled in 163ms
 GET /social-work 200 in 116ms (next.js: 11ms, application-code: 105ms)
 GET / 200 in 67ms (next.js: 17ms, application-code: 50ms)
 GET / 200 in 168ms (next.js: 9ms, application-code: 158ms)
 GET /social-work 200 in 277ms (next.js: 27ms, application-code: 250ms)
 GET / 200 in 74ms (next.js: 22ms, application-code: 52ms)
✓ Compiled in 325ms
 GET / 200 in 93ms (next.js: 24ms, application-code: 68ms)
 GET / 200 in 76ms (next.js: 13ms, application-code: 63ms)
 GET / 200 in 278ms (next.js: 15ms, application-code: 263ms)
 GET / 200 in 416ms (next.js: 22ms, application-code: 394ms)
 GET / 200 in 322ms (next.js: 30ms, application-code: 293ms)
 GET / 200 in 247ms (next.js: 20ms, application-code: 226ms)
 GET / 200 in 210ms (next.js: 16ms, application-code: 194ms)
 GET / 200 in 228ms (next.js: 19ms, application-code: 210ms)
 GET / 200 in 252ms (next.js: 40ms, application-code: 212ms)
✓ Compiled in 381ms
 GET / 200 in 106ms (next.js: 24ms, application-code: 82ms)
 GET / 200 in 76ms (next.js: 11ms, application-code: 65ms)
 GET / 200 in 259ms (next.js: 13ms, application-code: 246ms)
 GET / 200 in 279ms (next.js: 14ms, application-code: 266ms)
 GET / 200 in 308ms (next.js: 22ms, application-code: 287ms)
 GET / 200 in 285ms (next.js: 19ms, application-code: 266ms)
 GET / 200 in 380ms (next.js: 38ms, application-code: 343ms)
 GET / 200 in 285ms (next.js: 24ms, application-code: 261ms)
 GET / 200 in 248ms (next.js: 15ms, application-code: 233ms)
 GET / 200 in 221ms (next.js: 16ms, application-code: 205ms)
 GET / 200 in 170ms (next.js: 18ms, application-code: 152ms)
 GET / 200 in 90ms (next.js: 15ms, application-code: 75ms)
 GET / 200 in 169ms (next.js: 20ms, application-code: 149ms)
 GET / 200 in 96ms (next.js: 12ms, application-code: 84ms)
✓ Compiled in 316ms
 GET / 200 in 185ms (next.js: 21ms, application-code: 164ms)
 GET / 200 in 104ms (next.js: 16ms, application-code: 89ms)
 GET / 200 in 294ms (next.js: 67ms, application-code: 227ms)
 GET / 200 in 164ms (next.js: 17ms, application-code: 147ms)
 GET / 200 in 89ms (next.js: 15ms, application-code: 74ms)
 GET / 200 in 185ms (next.js: 16ms, application-code: 169ms)
 GET / 200 in 119ms (next.js: 17ms, application-code: 102ms)
 GET / 200 in 274ms (next.js: 15ms, application-code: 259ms)
 GET / 200 in 173ms (next.js: 18ms, application-code: 154ms)
 GET / 200 in 98ms (next.js: 18ms, application-code: 80ms)
 GET / 200 in 153ms (next.js: 17ms, application-code: 136ms)
 GET / 200 in 81ms (next.js: 15ms, application-code: 66ms)
✓ Compiled in 208ms
 GET / 200 in 183ms (next.js: 26ms, application-code: 157ms)
 GET / 200 in 91ms (next.js: 19ms, application-code: 72ms)
✓ Compiled in 226ms
 GET / 200 in 173ms (next.js: 48ms, application-code: 125ms)
 GET / 200 in 69ms (next.js: 13ms, application-code: 56ms)
✓ Compiled in 175ms
 GET / 200 in 151ms (next.js: 22ms, application-code: 130ms)
 GET / 200 in 73ms (next.js: 14ms, application-code: 59ms)
✓ Compiled in 192ms
 GET / 200 in 200ms (next.js: 21ms, application-code: 180ms)
 GET / 200 in 125ms (next.js: 21ms, application-code: 104ms)
✓ Compiled in 176ms
 GET / 200 in 175ms (next.js: 30ms, application-code: 146ms)
 GET / 200 in 86ms (next.js: 18ms, application-code: 68ms)
✓ Compiled in 174ms
 GET / 200 in 177ms (next.js: 19ms, application-code: 158ms)
 GET / 200 in 99ms (next.js: 20ms, application-code: 79ms)
✓ Compiled in 205ms
 GET / 200 in 181ms (next.js: 23ms, application-code: 158ms)
 GET / 200 in 95ms (next.js: 23ms, application-code: 72ms)
✓ Compiled in 213ms
 GET / 200 in 175ms (next.js: 26ms, application-code: 149ms)
 GET / 200 in 91ms (next.js: 20ms, application-code: 71ms)
✓ Compiled in 153ms
 GET / 200 in 163ms (next.js: 25ms, application-code: 138ms)
 GET / 200 in 76ms (next.js: 16ms, application-code: 61ms)
✓ Compiled in 126ms
 GET / 200 in 173ms (next.js: 18ms, application-code: 155ms)
 GET / 200 in 98ms (next.js: 18ms, application-code: 80ms)
✓ Compiled in 186ms
 GET / 200 in 190ms (next.js: 22ms, application-code: 168ms)
 GET / 200 in 106ms (next.js: 19ms, application-code: 87ms)
✓ Compiled in 238ms
 GET / 200 in 247ms (next.js: 27ms, application-code: 221ms)
 GET / 200 in 130ms (next.js: 40ms, application-code: 90ms)
✓ Compiled in 172ms
 GET / 200 in 421ms (next.js: 26ms, application-code: 395ms)
 GET / 200 in 425ms (next.js: 106ms, application-code: 319ms)
 GET / 200 in 602ms (next.js: 36ms, application-code: 566ms)
 GET / 200 in 601ms (next.js: 98ms, application-code: 504ms)
✓ Compiled in 167ms
 GET / 200 in 180ms (next.js: 28ms, application-code: 153ms)
 GET / 200 in 97ms (next.js: 24ms, application-code: 73ms)
✓ Compiled in 191ms
 GET / 200 in 172ms (next.js: 23ms, application-code: 150ms)
 GET / 200 in 84ms (next.js: 17ms, application-code: 67ms)
✓ Compiled in 181ms
 GET / 200 in 175ms (next.js: 25ms, application-code: 150ms)
 GET / 200 in 97ms (next.js: 15ms, application-code: 82ms)
✓ Compiled in 175ms
 GET / 200 in 201ms (next.js: 33ms, application-code: 168ms)
 GET / 200 in 205ms (next.js: 89ms, application-code: 116ms)
✓ Compiled in 164ms
 GET / 200 in 180ms (next.js: 21ms, application-code: 159ms)
 GET / 200 in 101ms (next.js: 12ms, application-code: 89ms)
✓ Compiled in 163ms
 GET / 200 in 181ms (next.js: 25ms, application-code: 157ms)
 GET / 200 in 90ms (next.js: 19ms, application-code: 71ms)
✓ Compiled in 196ms
 GET / 200 in 196ms (next.js: 19ms, application-code: 177ms)
 GET / 200 in 121ms (next.js: 20ms, application-code: 101ms)
✓ Compiled in 158ms
 GET / 200 in 172ms (next.js: 21ms, application-code: 151ms)
 GET / 200 in 100ms (next.js: 14ms, application-code: 86ms)
✓ Compiled in 157ms
 GET / 200 in 196ms (next.js: 24ms, application-code: 172ms)
 GET / 200 in 111ms (next.js: 18ms, application-code: 93ms)
✓ Compiled in 137ms
 GET / 200 in 229ms (next.js: 118ms, application-code: 110ms)
 GET / 200 in 245ms (next.js: 44ms, application-code: 201ms)
✓ Compiled in 211ms
 GET / 200 in 205ms (next.js: 22ms, application-code: 183ms)
 GET / 200 in 146ms (next.js: 36ms, application-code: 110ms)
✓ Compiled in 153ms
 GET / 200 in 178ms (next.js: 24ms, application-code: 154ms)
 GET / 200 in 99ms (next.js: 16ms, application-code: 83ms)
✓ Compiled in 170ms
 GET / 200 in 164ms (next.js: 20ms, application-code: 144ms)
 GET / 200 in 88ms (next.js: 14ms, application-code: 73ms)
✓ Compiled in 217ms
 GET / 200 in 195ms (next.js: 25ms, application-code: 170ms)
 GET / 200 in 175ms (next.js: 83ms, application-code: 92ms)
✓ Compiled in 210ms
 GET / 200 in 186ms (next.js: 25ms, application-code: 161ms)
 GET / 200 in 99ms (next.js: 21ms, application-code: 78ms)
✓ Compiled in 520ms
 GET / 200 in 196ms (next.js: 122ms, application-code: 74ms)
 GET / 200 in 94ms (next.js: 17ms, application-code: 77ms)
 GET / 200 in 399ms (next.js: 17ms, application-code: 383ms)
 GET / 200 in 260ms (next.js: 19ms, application-code: 241ms)
✓ Compiled in 782ms
 GET / 200 in 132ms (next.js: 35ms, application-code: 97ms)
 GET / 200 in 79ms (next.js: 14ms, application-code: 65ms)
 GET / 200 in 405ms (next.js: 26ms, application-code: 379ms)
 GET / 200 in 334ms (next.js: 26ms, application-code: 308ms)
 GET /media 200 in 541ms (next.js: 458ms, application-code: 83ms)
 GET /social-work 200 in 119ms (next.js: 39ms, application-code: 79ms)
 GET / 200 in 82ms (next.js: 13ms, application-code: 69ms)
 GET /watch-intro 200 in 425ms (next.js: 349ms, application-code: 75ms)
 GET / 200 in 81ms (next.js: 24ms, application-code: 57ms)
✓ Compiled in 304ms
 GET / 200 in 206ms (next.js: 28ms, application-code: 178ms)
 GET / 200 in 112ms (next.js: 20ms, application-code: 92ms)
 GET / 200 in 244ms (next.js: 28ms, application-code: 216ms)
✓ Compiled in 182ms
 GET / 200 in 163ms (next.js: 22ms, application-code: 141ms)
 GET / 200 in 76ms (next.js: 14ms, application-code: 62ms)
✓ Compiled in 210ms
 GET / 200 in 187ms (next.js: 38ms, application-code: 148ms)
 GET / 200 in 86ms (next.js: 16ms, application-code: 69ms)
✓ Compiled in 180ms
 GET / 200 in 174ms (next.js: 24ms, application-code: 150ms)
 GET / 200 in 87ms (next.js: 13ms, application-code: 73ms)
✓ Compiled in 260ms
 GET / 200 in 180ms (next.js: 22ms, application-code: 158ms)
 GET / 200 in 101ms (next.js: 17ms, application-code: 84ms)
 GET / 200 in 251ms (next.js: 25ms, application-code: 226ms)
✓ Compiled in 214ms
 GET / 200 in 170ms (next.js: 23ms, application-code: 147ms)
 GET / 200 in 82ms (next.js: 16ms, application-code: 66ms)
 GET /watch-intro 200 in 93ms (next.js: 22ms, application-code: 71ms)
✓ Compiled in 1063ms
 GET /watch-intro 200 in 138ms (next.js: 35ms, application-code: 103ms)
 GET / 200 in 265ms (next.js: 70ms, application-code: 195ms)
 GET /watch-intro 200 in 305ms (next.js: 72ms, application-code: 233ms)
 GET /watch-intro 200 in 160ms (next.js: 17ms, application-code: 144ms)
 GET /watch-intro 200 in 184ms (next.js: 18ms, application-code: 166ms)
✓ Compiled in 374ms
 GET /watch-intro 200 in 61ms (next.js: 15ms, application-code: 46ms)
 GET /watch-intro 200 in 49ms (next.js: 9ms, application-code: 39ms)
✓ Compiled in 1455ms
 GET /watch-intro 200 in 117ms (next.js: 31ms, application-code: 85ms)
 GET /watch-intro 200 in 125ms (next.js: 37ms, application-code: 88ms)
 GET / 200 in 313ms (next.js: 66ms, application-code: 247ms)
 GET /watch-intro 200 in 215ms (next.js: 30ms, application-code: 185ms)
✓ Compiled in 1266ms
 GET /watch-intro 200 in 120ms (next.js: 28ms, application-code: 92ms)
 GET /watch-intro 200 in 92ms (next.js: 17ms, application-code: 75ms)
 GET /watch-intro 200 in 292ms (next.js: 80ms, application-code: 212ms)
 GET /watch-intro 200 in 254ms (next.js: 20ms, application-code: 233ms)
 GET / 200 in 103ms (next.js: 29ms, application-code: 74ms)
 GET / 200 in 330ms (next.js: 20ms, application-code: 310ms)
 GET /watch-intro 200 in 79ms (next.js: 30ms, application-code: 49ms)
✓ Compiled in 1217ms
 GET /watch-intro 200 in 216ms (next.js: 31ms, application-code: 185ms)
 GET /watch-intro 200 in 98ms (next.js: 13ms, application-code: 85ms)
 GET /watch-intro 200 in 346ms (next.js: 60ms, application-code: 286ms)
 GET / 200 in 270ms (next.js: 19ms, application-code: 251ms)
 GET /watch-intro 200 in 93ms (next.js: 11ms, application-code: 82ms)
 GET /watch-intro 200 in 370ms (next.js: 27ms, application-code: 342ms)
 GET / 200 in 84ms (next.js: 16ms, application-code: 68ms)
 GET / 200 in 244ms (next.js: 13ms, application-code: 232ms)
 GET / 200 in 226ms (next.js: 13ms, application-code: 213ms)
 GET / 200 in 297ms (next.js: 13ms, application-code: 283ms)
 GET /watch-intro 200 in 110ms (next.js: 30ms, application-code: 80ms)
✓ Compiled in 305ms
 GET /watch-intro 200 in 177ms (next.js: 28ms, application-code: 149ms)
 GET /watch-intro 200 in 88ms (next.js: 20ms, application-code: 67ms)
✓ Compiled in 152ms
 GET /watch-intro 200 in 185ms (next.js: 25ms, application-code: 159ms)
 GET /watch-intro 200 in 100ms (next.js: 18ms, application-code: 82ms)
✓ Compiled in 171ms
 GET /watch-intro 200 in 179ms (next.js: 25ms, application-code: 154ms)
 GET /watch-intro 200 in 88ms (next.js: 16ms, application-code: 72ms)
 GET /watch-intro 200 in 225ms (next.js: 26ms, application-code: 199ms)
 GET /watch-intro 200 in 186ms (next.js: 18ms, application-code: 168ms)
✓ Compiled in 195ms
 GET /watch-intro 200 in 188ms (next.js: 25ms, application-code: 162ms)
 GET /watch-intro 200 in 91ms (next.js: 15ms, application-code: 76ms)
✓ Compiled in 174ms
 GET /watch-intro 200 in 192ms (next.js: 27ms, application-code: 165ms)
 GET /watch-intro 200 in 92ms (next.js: 16ms, application-code: 76ms)
✓ Compiled in 189ms
 GET /watch-intro 200 in 222ms (next.js: 24ms, application-code: 198ms)
 GET /watch-intro 200 in 133ms (next.js: 28ms, application-code: 105ms)
✓ Compiled in 245ms
 GET /watch-intro 200 in 183ms (next.js: 37ms, application-code: 146ms)
 GET /watch-intro 200 in 184ms (next.js: 102ms, application-code: 82ms)
✓ Compiled in 188ms
 GET /watch-intro 200 in 89ms (next.js: 21ms, application-code: 68ms)
 GET /watch-intro 200 in 89ms (next.js: 19ms, application-code: 70ms)
✓ Compiled in 266ms
 GET /watch-intro 200 in 194ms (next.js: 23ms, application-code: 170ms)
 GET /watch-intro 200 in 107ms (next.js: 17ms, application-code: 90ms)
 GET /watch-intro 200 in 279ms (next.js: 27ms, application-code: 252ms)
✓ Compiled in 195ms
 GET /watch-intro 200 in 187ms (next.js: 25ms, application-code: 161ms)
 GET /watch-intro 200 in 92ms (next.js: 15ms, application-code: 77ms)
✓ Compiled in 255ms
 GET /watch-intro 200 in 197ms (next.js: 37ms, application-code: 160ms)
 GET /watch-intro 200 in 198ms (next.js: 109ms, application-code: 89ms)
 GET / 200 in 155ms (next.js: 104ms, application-code: 51ms)
 GET / 200 in 401ms (next.js: 194ms, application-code: 208ms)
 GET /watch-intro 200 in 98ms (next.js: 19ms, application-code: 78ms)
✓ Compiled in 342ms
 GET / 200 in 133ms (next.js: 22ms, application-code: 111ms)
 GET /watch-intro 200 in 96ms (next.js: 25ms, application-code: 71ms)
 GET / 200 in 283ms (next.js: 22ms, application-code: 261ms)
 GET / 200 in 232ms (next.js: 21ms, application-code: 211ms)
 GET / 200 in 235ms (next.js: 13ms, application-code: 222ms)
 GET / 200 in 231ms (next.js: 16ms, application-code: 216ms)
✓ Compiled in 1007ms
 GET /watch-intro 200 in 201ms (next.js: 18ms, application-code: 183ms)
 GET / 200 in 108ms (next.js: 17ms, application-code: 90ms)
 GET / 200 in 208ms (next.js: 14ms, application-code: 194ms)
 GET / 200 in 234ms (next.js: 12ms, application-code: 222ms)
 GET / 200 in 286ms (next.js: 21ms, application-code: 266ms)
 GET / 200 in 213ms (next.js: 18ms, application-code: 195ms)
 GET / 200 in 213ms (next.js: 17ms, application-code: 196ms)
 GET / 200 in 243ms (next.js: 18ms, application-code: 225ms)
 GET / 200 in 200ms (next.js: 9ms, application-code: 191ms)
✓ Compiled in 223ms
 GET /watch-intro 200 in 190ms (next.js: 18ms, application-code: 172ms)
 GET / 200 in 108ms (next.js: 24ms, application-code: 84ms)
✓ Compiled in 252ms
 GET /watch-intro 200 in 178ms (next.js: 12ms, application-code: 166ms)
 GET / 200 in 96ms (next.js: 20ms, application-code: 76ms)
✓ Compiled in 301ms
 GET /watch-intro 200 in 212ms (next.js: 18ms, application-code: 194ms)
 GET / 200 in 119ms (next.js: 23ms, application-code: 97ms)
✓ Compiled in 258ms
 GET /watch-intro 200 in 194ms (next.js: 33ms, application-code: 161ms)
 GET / 200 in 94ms (next.js: 21ms, application-code: 73ms)
 GET / 200 in 210ms (next.js: 15ms, application-code: 195ms)
✓ Compiled in 255ms
 GET /watch-intro 200 in 173ms (next.js: 18ms, application-code: 154ms)
 GET / 200 in 84ms (next.js: 18ms, application-code: 66ms)
✓ Compiled in 162ms
 GET /watch-intro 200 in 183ms (next.js: 18ms, application-code: 164ms)
 GET / 200 in 103ms (next.js: 21ms, application-code: 81ms)
✓ Compiled in 144ms
 GET /watch-intro 200 in 172ms (next.js: 15ms, application-code: 157ms)
 GET / 200 in 91ms (next.js: 22ms, application-code: 69ms)
✓ Compiled in 250ms
 GET /watch-intro 200 in 214ms (next.js: 18ms, application-code: 196ms)
 GET / 200 in 116ms (next.js: 23ms, application-code: 92ms)
 GET /watch-intro 200 in 183ms (next.js: 30ms, application-code: 153ms)
 GET / 200 in 93ms (next.js: 26ms, application-code: 68ms)
 GET / 200 in 370ms (next.js: 91ms, application-code: 279ms)
 GET / 200 in 230ms (next.js: 14ms, application-code: 216ms)
✓ Compiled in 318ms
 GET /watch-intro 200 in 236ms (next.js: 19ms, application-code: 217ms)
 GET / 200 in 162ms (next.js: 28ms, application-code: 134ms)
 GET / 200 in 209ms (next.js: 19ms, application-code: 190ms)
✓ Compiled in 122ms
 GET /watch-intro 200 in 149ms (next.js: 21ms, application-code: 128ms)
 GET / 200 in 77ms (next.js: 15ms, application-code: 62ms)
✓ Compiled in 275ms
 GET /watch-intro 200 in 195ms (next.js: 19ms, application-code: 176ms)
 GET / 200 in 124ms (next.js: 22ms, application-code: 102ms)
✓ Compiled in 294ms
 GET / 200 in 179ms (next.js: 24ms, application-code: 154ms)
 GET /watch-intro 200 in 102ms (next.js: 13ms, application-code: 89ms)
✓ Compiled in 229ms
 GET /watch-intro 200 in 177ms (next.js: 17ms, application-code: 159ms)
 GET / 200 in 99ms (next.js: 28ms, application-code: 72ms)
 GET / 200 in 364ms (next.js: 107ms, application-code: 257ms)
✓ Compiled in 253ms
 GET / 200 in 171ms (next.js: 21ms, application-code: 150ms)
 GET /watch-intro 200 in 89ms (next.js: 17ms, application-code: 72ms)
✓ Compiled in 175ms
 GET /watch-intro 200 in 162ms (next.js: 24ms, application-code: 137ms)
 GET / 200 in 82ms (next.js: 20ms, application-code: 62ms)
 GET / 200 in 247ms (next.js: 21ms, application-code: 226ms)
 GET / 200 in 297ms (next.js: 17ms, application-code: 280ms)
✓ Compiled in 805ms
 GET / 200 in 379ms (next.js: 92ms, application-code: 287ms)
▲ Next.js 16.3.2 (Turbopack)
- Local:         http://localhost:58541
- Network:       http://192.168.1.4:58541
✓ Ready in 2.2s
✓ Running next.config.ts took 128ms

▲ Next.js 16.3.2 (Turbopack)
- Local:         http://localhost:58541
- Network:       http://192.168.1.4:58541
✓ Ready in 1950ms
✓ Running next.config.ts took 150ms

