
> bijendra-malik-site@0.1.0 dev
> next dev -p 3000

▲ Next.js 16.3.2 (Turbopack)
- Local:         http://localhost:3000
- Network:       http://192.168.1.4:3000
✓ Ready in 1044ms
✓ Running next.config.ts took 65ms

○ Compiling / ...
 GET / 200 in 11.4s (next.js: 9.7s, application-code: 1770ms)
 GET /profile/arvind-kejriwal/ 404 in 1520ms (next.js: 1283ms, application-code: 238ms)
 GET / 200 in 851ms (next.js: 66ms, application-code: 785ms)
 GET / 200 in 464ms (next.js: 27ms, application-code: 437ms)
 GET / 200 in 548ms (next.js: 41ms, application-code: 507ms)
 GET / 200 in 458ms (next.js: 25ms, application-code: 432ms)
 GET /about/ 200 in 2.4s (next.js: 2.3s, application-code: 120ms)
 GET /about/ 200 in 385ms (next.js: 46ms, application-code: 338ms)
 GET / 200 in 211ms (next.js: 27ms, application-code: 184ms)
 GET /about/ 200 in 657ms (next.js: 26ms, application-code: 631ms)
✓ Compiled in 314ms
 GET / 200 in 174ms (next.js: 24ms, application-code: 150ms)
 GET /about/ 200 in 195ms (next.js: 69ms, application-code: 126ms)
✓ Compiled in 329ms
 GET / 200 in 287ms (next.js: 139ms, application-code: 148ms)
 GET /about/ 200 in 350ms (next.js: 45ms, application-code: 305ms)
✓ Compiled in 241ms
 GET /about/ 200 in 301ms (next.js: 39ms, application-code: 261ms)
 GET / 200 in 174ms (next.js: 24ms, application-code: 150ms)
 GET / 200 in 106ms (next.js: 22ms, application-code: 84ms)
 GET /about/ 200 in 112ms (next.js: 23ms, application-code: 89ms)
 GET / 200 in 99ms (next.js: 21ms, application-code: 78ms)
 GET /about/ 200 in 106ms (next.js: 24ms, application-code: 82ms)
 GET / 200 in 105ms (next.js: 19ms, application-code: 86ms)
 GET /about/ 200 in 114ms (next.js: 26ms, application-code: 87ms)
✓ Compiled in 311ms
 GET /about/ 200 in 317ms (next.js: 47ms, application-code: 269ms)
 GET / 200 in 189ms (next.js: 21ms, application-code: 167ms)
✓ Compiled in 288ms
 GET /about/ 200 in 340ms (next.js: 42ms, application-code: 297ms)
 GET / 200 in 233ms (next.js: 24ms, application-code: 208ms)
✓ Compiled in 294ms
 GET /about/ 200 in 281ms (next.js: 42ms, application-code: 239ms)
 GET / 200 in 154ms (next.js: 21ms, application-code: 133ms)
 GET /about/ 200 in 326ms (next.js: 19ms, application-code: 307ms)
✓ Compiled in 244ms
 GET / 200 in 344ms (next.js: 30ms, application-code: 314ms)
 GET /about/ 200 in 226ms (next.js: 41ms, application-code: 185ms)
✓ Compiled in 117ms
 GET / 200 in 69ms (next.js: 11ms, application-code: 58ms)
 GET /about/ 200 in 81ms (next.js: 17ms, application-code: 65ms)
 GET /about/ 200 in 118ms (next.js: 21ms, application-code: 97ms)
✓ Compiled in 675ms
 GET /about/ 200 in 304ms (next.js: 42ms, application-code: 262ms)
 GET /about/ 200 in 556ms (next.js: 34ms, application-code: 522ms)
✓ Compiled in 402ms
 GET /about/ 200 in 394ms (next.js: 77ms, application-code: 317ms)
 GET /about/ 200 in 173ms (next.js: 23ms, application-code: 150ms)
 GET /about/ 200 in 291ms (next.js: 22ms, application-code: 269ms)
 GET / 200 in 778ms (next.js: 56ms, application-code: 722ms)
 GET /about/ 200 in 338ms (next.js: 23ms, application-code: 315ms)
✓ Compiled in 332ms
 GET /about/ 200 in 382ms (next.js: 63ms, application-code: 319ms)
 GET /about/ 200 in 212ms (next.js: 20ms, application-code: 192ms)
 GET /about/ 200 in 320ms (next.js: 20ms, application-code: 300ms)
 GET / 200 in 131ms (next.js: 31ms, application-code: 100ms)
✓ Compiled in 448ms
 GET / 200 in 325ms (next.js: 156ms, application-code: 169ms)
 GET /about/ 200 in 365ms (next.js: 35ms, application-code: 329ms)
✓ Compiled in 366ms
 GET / 200 in 304ms (next.js: 26ms, application-code: 278ms)
 GET /about/ 200 in 175ms (next.js: 37ms, application-code: 138ms)
✓ Compiled in 416ms
 GET / 200 in 332ms (next.js: 32ms, application-code: 300ms)
 GET /about/ 200 in 190ms (next.js: 33ms, application-code: 157ms)
✓ Compiled in 325ms
 GET / 200 in 291ms (next.js: 30ms, application-code: 261ms)
 GET /about/ 200 in 177ms (next.js: 28ms, application-code: 149ms)
✓ Compiled in 296ms
 GET / 200 in 302ms (next.js: 26ms, application-code: 275ms)
 GET /about/ 200 in 174ms (next.js: 25ms, application-code: 150ms)
 GET /about/ 200 in 106ms (next.js: 21ms, application-code: 84ms)
 GET /about/ 200 in 254ms (next.js: 20ms, application-code: 233ms)
✓ Compiled in 283ms
 GET /about/ 200 in 264ms (next.js: 47ms, application-code: 218ms)
 GET /about/ 200 in 293ms (next.js: 153ms, application-code: 140ms)
 GET /about/ 200 in 248ms (next.js: 20ms, application-code: 229ms)
✓ Compiled in 234ms
 GET /about/ 200 in 403ms (next.js: 77ms, application-code: 326ms)
 GET /about/ 200 in 195ms (next.js: 29ms, application-code: 167ms)
✓ Compiled in 212ms
 GET /about/ 200 in 305ms (next.js: 40ms, application-code: 265ms)
 GET /about/ 200 in 173ms (next.js: 22ms, application-code: 151ms)
✓ Compiled in 393ms
 GET /about/ 200 in 278ms (next.js: 57ms, application-code: 221ms)
 GET /about/ 200 in 165ms (next.js: 16ms, application-code: 149ms)
✓ Compiled in 224ms
 GET /about/ 200 in 325ms (next.js: 54ms, application-code: 270ms)
 GET /about/ 200 in 354ms (next.js: 191ms, application-code: 163ms)
✓ Compiled in 225ms
 GET /about/ 200 in 334ms (next.js: 36ms, application-code: 299ms)
 GET /about/ 200 in 178ms (next.js: 27ms, application-code: 151ms)
✓ Compiled in 259ms
 GET /about/ 200 in 316ms (next.js: 38ms, application-code: 278ms)
 GET /about/ 200 in 182ms (next.js: 22ms, application-code: 160ms)
✓ Compiled in 253ms
 GET /about/ 200 in 289ms (next.js: 152ms, application-code: 137ms)
 GET /about/ 200 in 296ms (next.js: 52ms, application-code: 244ms)
✓ Compiled in 249ms
 GET /about/ 200 in 324ms (next.js: 62ms, application-code: 261ms)
 GET /about/ 200 in 194ms (next.js: 22ms, application-code: 172ms)
✓ Compiled in 422ms
 GET /about/ 200 in 324ms (next.js: 42ms, application-code: 281ms)
 GET /about/ 200 in 351ms (next.js: 165ms, application-code: 186ms)
 GET /about/ 200 in 254ms (next.js: 24ms, application-code: 230ms)
 GET / 200 in 100ms (next.js: 25ms, application-code: 75ms)
 GET / 200 in 64ms (next.js: 18ms, application-code: 45ms)
 GET /about/ 200 in 113ms (next.js: 25ms, application-code: 89ms)
 GET /about/ 200 in 432ms (next.js: 23ms, application-code: 409ms)
 GET / 200 in 257ms (next.js: 135ms, application-code: 123ms)
 GET / 200 in 446ms (next.js: 22ms, application-code: 424ms)
 GET / 200 in 152ms (next.js: 29ms, application-code: 123ms)
 GET / 200 in 443ms (next.js: 20ms, application-code: 423ms)
✓ Compiled in 212ms
 GET / 200 in 301ms (next.js: 62ms, application-code: 238ms)
 GET / 200 in 301ms (next.js: 167ms, application-code: 134ms)
 GET / 200 in 458ms (next.js: 27ms, application-code: 431ms)
✓ Compiled in 392ms
 GET / 200 in 377ms (next.js: 42ms, application-code: 335ms)
 GET / 200 in 204ms (next.js: 27ms, application-code: 178ms)
✓ Compiled in 390ms
 GET / 200 in 344ms (next.js: 42ms, application-code: 302ms)
 GET / 200 in 235ms (next.js: 58ms, application-code: 177ms)
✓ Compiled in 363ms
 GET / 200 in 353ms (next.js: 41ms, application-code: 312ms)
 GET / 200 in 242ms (next.js: 60ms, application-code: 182ms)
