
> bijendra-malik-site@0.1.0 dev
> next dev

▲ Next.js 16.3.2 (Turbopack)
- Local:         http://localhost:61102
- Network:       http://192.168.1.4:61102
✓ Ready in 8.6s
✓ Running next.config.ts took 232ms

 GET / 200 in 3.2s (next.js: 1601ms, application-code: 1565ms)
 GET / 200 in 425ms (next.js: 10ms, application-code: 415ms)
 GET / 200 in 370ms (next.js: 12ms, application-code: 358ms)
 GET / 200 in 413ms (next.js: 14ms, application-code: 399ms)
 GET /media/ 200 in 345ms (next.js: 227ms, application-code: 118ms)
 GET / 200 in 844ms (next.js: 131ms, application-code: 713ms)
✓ Compiled in 752ms
 GET / 200 in 197ms (next.js: 63ms, application-code: 133ms)
 GET / 200 in 481ms (next.js: 76ms, application-code: 406ms)
✓ Compiled in 454ms
 GET / 200 in 187ms (next.js: 47ms, application-code: 140ms)
 GET / 200 in 348ms (next.js: 8ms, application-code: 340ms)
✓ Compiled in 338ms
 GET / 200 in 175ms (next.js: 40ms, application-code: 134ms)
✓ Compiled in 565ms
 GET / 200 in 108ms (next.js: 18ms, application-code: 90ms)
✓ Compiled in 225ms
 GET / 200 in 139ms (next.js: 26ms, application-code: 113ms)
✓ Compiled in 387ms
 GET / 200 in 161ms (next.js: 34ms, application-code: 126ms)
✓ Compiled in 436ms
 GET / 200 in 104ms (next.js: 16ms, application-code: 88ms)
✓ Compiled in 408ms
 GET / 200 in 163ms (next.js: 29ms, application-code: 134ms)
 GET / 200 in 338ms (next.js: 6ms, application-code: 332ms)
✓ Compiled in 450ms
 GET / 200 in 148ms (next.js: 27ms, application-code: 121ms)
✓ Compiled in 220ms
 GET / 200 in 100ms (next.js: 20ms, application-code: 80ms)
✓ Compiled in 438ms
 GET / 200 in 190ms (next.js: 38ms, application-code: 153ms)
 GET / 200 in 407ms (next.js: 87ms, application-code: 320ms)
✓ Compiled in 469ms
 GET / 200 in 123ms (next.js: 17ms, application-code: 105ms)
✓ Compiled in 283ms
 GET / 200 in 130ms (next.js: 18ms, application-code: 112ms)
✓ Compiled in 429ms
 GET / 200 in 249ms (next.js: 113ms, application-code: 135ms)
✓ Compiled in 388ms
 GET / 200 in 206ms (next.js: 38ms, application-code: 168ms)
 GET / 200 in 439ms (next.js: 21ms, application-code: 418ms)
✓ Compiled in 413ms
 GET / 200 in 118ms (next.js: 19ms, application-code: 99ms)
✓ Compiled in 1566ms
 GET / 200 in 492ms (next.js: 53ms, application-code: 439ms)
✓ Compiled in 544ms
 GET / 200 in 169ms (next.js: 36ms, application-code: 133ms)
 GET / 200 in 421ms (next.js: 9ms, application-code: 411ms)
 GET / 200 in 461ms (next.js: 16ms, application-code: 445ms)
 GET / 200 in 333ms (next.js: 7ms, application-code: 326ms)
 GET / 200 in 443ms (next.js: 23ms, application-code: 420ms)
✓ Compiled in 436ms
 GET / 200 in 166ms (next.js: 19ms, application-code: 148ms)
 GET / 200 in 353ms (next.js: 7ms, application-code: 346ms)
 GET / 200 in 362ms (next.js: 8ms, application-code: 354ms)
✓ Compiled in 424ms
 GET / 200 in 158ms (next.js: 31ms, application-code: 127ms)
✓ Compiled in 390ms
 GET / 200 in 150ms (next.js: 30ms, application-code: 120ms)
 GET / 200 in 423ms (next.js: 16ms, application-code: 408ms)
✓ Compiled in 315ms
 GET / 200 in 135ms (next.js: 20ms, application-code: 115ms)
✓ Compiled in 260ms
 GET / 200 in 178ms (next.js: 50ms, application-code: 128ms)
✓ Compiled in 314ms
 GET / 200 in 164ms (next.js: 36ms, application-code: 128ms)
✓ Compiled in 242ms
 GET / 200 in 114ms (next.js: 22ms, application-code: 92ms)
✓ Compiled in 402ms
 GET / 200 in 149ms (next.js: 35ms, application-code: 115ms)
✓ Compiled in 375ms
 GET / 200 in 115ms (next.js: 19ms, application-code: 97ms)
✓ Compiled in 420ms
 GET / 200 in 156ms (next.js: 32ms, application-code: 124ms)
✓ Compiled in 385ms
 GET / 200 in 181ms (next.js: 34ms, application-code: 147ms)
✓ Compiled in 376ms
 GET / 200 in 84ms (next.js: 14ms, application-code: 70ms)
✓ Compiled in 397ms
 GET / 200 in 144ms (next.js: 25ms, application-code: 119ms)
 GET / 200 in 391ms (next.js: 15ms, application-code: 376ms)
✓ Compiled in 198ms
 GET / 200 in 100ms (next.js: 17ms, application-code: 83ms)
✓ Compiled in 228ms
 GET / 200 in 163ms (next.js: 33ms, application-code: 130ms)
 GET / 200 in 359ms (next.js: 10ms, application-code: 349ms)
 GET / 200 in 334ms (next.js: 9ms, application-code: 326ms)
✓ Compiled in 252ms
 GET / 200 in 166ms (next.js: 30ms, application-code: 136ms)
 GET / 200 in 351ms (next.js: 10ms, application-code: 341ms)
 GET / 200 in 414ms (next.js: 15ms, application-code: 399ms)
 GET / 200 in 350ms (next.js: 6ms, application-code: 345ms)
 GET / 200 in 384ms (next.js: 15ms, application-code: 369ms)
 GET / 200 in 366ms (next.js: 8ms, application-code: 358ms)
 GET / 200 in 395ms (next.js: 8ms, application-code: 388ms)
✓ Compiled in 254ms
 GET / 200 in 128ms (next.js: 24ms, application-code: 104ms)
✓ Compiled in 389ms
 GET / 200 in 86ms (next.js: 23ms, application-code: 63ms)
✓ Compiled in 300ms
 GET / 200 in 141ms (next.js: 21ms, application-code: 120ms)
✓ Compiled in 249ms
 GET / 200 in 94ms (next.js: 21ms, application-code: 73ms)
 GET / 200 in 481ms (next.js: 19ms, application-code: 462ms)
✓ Compiled in 207ms
 GET / 200 in 91ms (next.js: 12ms, application-code: 79ms)
✓ Compiled in 398ms
 GET / 200 in 169ms (next.js: 26ms, application-code: 143ms)
